Archive member included to satisfy reference by file (symbol)

../libs\libarm_cortexM7lfdp_math.a(arm_rfft_fast_init_f32.o)
                              Core/Src/main.o (arm_rfft_fast_init_f32)
../libs\libarm_cortexM7lfdp_math.a(arm_rfft_fast_f32.o)
                              Drivers/STM32_AI_AudioPreprocessing_Library/Src/feature_extraction.o (arm_rfft_fast_f32)
../libs\libarm_cortexM7lfdp_math.a(arm_cfft_f32.o)
                              ../libs\libarm_cortexM7lfdp_math.a(arm_rfft_fast_f32.o) (arm_cfft_f32)
../libs\libarm_cortexM7lfdp_math.a(arm_cmplx_mag_squared_f32.o)
                              Drivers/STM32_AI_AudioPreprocessing_Library/Src/feature_extraction.o (arm_cmplx_mag_squared_f32)
../libs\libarm_cortexM7lfdp_math.a(arm_mult_f32.o)
                              Drivers/STM32_AI_AudioPreprocessing_Library/Src/feature_extraction.o (arm_mult_f32)
../libs\libarm_cortexM7lfdp_math.a(arm_common_tables.o)
                              ../libs\libarm_cortexM7lfdp_math.a(arm_rfft_fast_init_f32.o) (twiddleCoef_rfft_4096)
../libs\libarm_cortexM7lfdp_math.a(arm_bitreversal2.o)
                              ../libs\libarm_cortexM7lfdp_math.a(arm_cfft_f32.o) (arm_bitreversal_32)
../libs\libarm_cortexM7lfdp_math.a(arm_cfft_radix8_f32.o)
                              ../libs\libarm_cortexM7lfdp_math.a(arm_cfft_f32.o) (arm_radix8_butterfly_f32)
../Middlewares/ST/AI/Lib\NetworkRuntime520_CM7_GCC.a(ai_platform_interface.o)
                              X-CUBE-AI/App/network.o (ai_platform_runtime_get_revision)
../Middlewares/ST/AI/Lib\NetworkRuntime520_CM7_GCC.a(core_mem_manager.o)
                              ../Middlewares/ST/AI/Lib\NetworkRuntime520_CM7_GCC.a(ai_platform_interface.o) (core_mem_alloc)
../Middlewares/ST/AI/Lib\NetworkRuntime520_CM7_GCC.a(core_common.o)
                              ../Middlewares/ST/AI/Lib\NetworkRuntime520_CM7_GCC.a(ai_platform_interface.o) (core_init)
../Middlewares/ST/AI/Lib\NetworkRuntime520_CM7_GCC.a(layers_conv2d_generic_float.o)
                              X-CUBE-AI/App/network.o (forward_conv2d)
../Middlewares/ST/AI/Lib\NetworkRuntime520_CM7_GCC.a(layers_nl_generic_float.o)
                              X-CUBE-AI/App/network.o (nl_func_relu_generic_array_f32)
../Middlewares/ST/AI/Lib\NetworkRuntime520_CM7_GCC.a(layers_pool_generic_float.o)
                              X-CUBE-AI/App/network.o (forward_mp)
../Middlewares/ST/AI/Lib\NetworkRuntime520_CM7_GCC.a(layers_norm_generic_float.o)
                              X-CUBE-AI/App/network.o (forward_bn)
../Middlewares/ST/AI/Lib\NetworkRuntime520_CM7_GCC.a(layers.o)
                              ../Middlewares/ST/AI/Lib\NetworkRuntime520_CM7_GCC.a(ai_platform_interface.o) (ai_check_custom_types)
../Middlewares/ST/AI/Lib\NetworkRuntime520_CM7_GCC.a(arm_mat_init_f32.o)
                              ../Middlewares/ST/AI/Lib\NetworkRuntime520_CM7_GCC.a(layers_conv2d_generic_float.o) (arm_mat_init_f32)
../Middlewares/ST/AI/Lib\NetworkRuntime520_CM7_GCC.a(ai_datatypes_format.o)
                              ../Middlewares/ST/AI/Lib\NetworkRuntime520_CM7_GCC.a(ai_platform_interface.o) (ai_array_to_buffer_fmt)
../Middlewares/ST/AI/Lib\NetworkRuntime520_CM7_GCC.a(ai_math_helpers.o)
                              ../Middlewares/ST/AI/Lib\NetworkRuntime520_CM7_GCC.a(layers_nl_generic_float.o) (ai_math_sqrt)
d:/stm32cubeide/stm32cubeide_1.6.1/stm32cubeide/plugins/com.st.stm32cube.ide.mcu.externaltools.gnu-tools-for-stm32.9-2020-q2-update.win32_1.5.0.202011040924/tools/bin/../lib/gcc/arm-none-eabi/9.3.1/../../../../arm-none-eabi/lib/thumb/v7e-m+fp/hard\libc_nano.a(lib_a-errno.o)
                              Core/Src/syscalls.o (__errno)
d:/stm32cubeide/stm32cubeide_1.6.1/stm32cubeide/plugins/com.st.stm32cube.ide.mcu.externaltools.gnu-tools-for-stm32.9-2020-q2-update.win32_1.5.0.202011040924/tools/bin/../lib/gcc/arm-none-eabi/9.3.1/../../../../arm-none-eabi/lib/thumb/v7e-m+fp/hard\libc_nano.a(lib_a-exit.o)
                              d:/stm32cubeide/stm32cubeide_1.6.1/stm32cubeide/plugins/com.st.stm32cube.ide.mcu.externaltools.gnu-tools-for-stm32.9-2020-q2-update.win32_1.5.0.202011040924/tools/bin/../lib/gcc/arm-none-eabi/9.3.1/../../../../arm-none-eabi/lib/thumb/v7e-m+fp/hard/crt0.o (exit)
d:/stm32cubeide/stm32cubeide_1.6.1/stm32cubeide/plugins/com.st.stm32cube.ide.mcu.externaltools.gnu-tools-for-stm32.9-2020-q2-update.win32_1.5.0.202011040924/tools/bin/../lib/gcc/arm-none-eabi/9.3.1/../../../../arm-none-eabi/lib/thumb/v7e-m+fp/hard\libc_nano.a(lib_a-impure.o)
                              d:/stm32cubeide/stm32cubeide_1.6.1/stm32cubeide/plugins/com.st.stm32cube.ide.mcu.externaltools.gnu-tools-for-stm32.9-2020-q2-update.win32_1.5.0.202011040924/tools/bin/../lib/gcc/arm-none-eabi/9.3.1/../../../../arm-none-eabi/lib/thumb/v7e-m+fp/hard\libc_nano.a(lib_a-exit.o) (_global_impure_ptr)
[...]
Memory Configuration

Name             Origin             Length             Attributes
RAM              0x0000000020000000 0x0000000000050000 xrw
FLASH            0x0000000008000000 0x0000000000100000 xr
*default*        0x0000000000000000 0xffffffffffffffff

Linker script and memory map

LOAD d:/stm32cubeide/stm32cubeide_1.6.1/stm32cubeide/plugins/com.st.stm32cube.ide.mcu.externaltools.gnu-tools-for-stm32.9-2020-q2-update.win32_1.5.0.202011040924/tools/bin/../lib/gcc/arm-none-eabi/9.3.1/thumb/v7e-m+fp/hard/crti.o
LOAD d:/stm32cubeide/stm32cubeide_1.6.1/stm32cubeide/plugins/com.st.stm32cube.ide.mcu.externaltools.gnu-tools-for-stm32.9-2020-q2-update.win32_1.5.0.202011040924/tools/bin/../lib/gcc/arm-none-eabi/9.3.1/thumb/v7e-m+fp/hard/crtbegin.o
LOAD d:/stm32cubeide/stm32cubeide_1.6.1/stm32cubeide/plugins/com.st.stm32cube.ide.mcu.externaltools.gnu-tools-for-stm32.9-2020-q2-update.win32_1.5.0.202011040924/tools/bin/../lib/gcc/arm-none-eabi/9.3.1/../../../../arm-none-eabi/lib/thumb/v7e-m+fp/hard/crt0.o
LOAD Core/Src/main.o
LOAD Core/Src/stm32f7xx_hal_msp.o
LOAD Core/Src/stm32f7xx_it.o
LOAD Core/Src/syscalls.o
LOAD Core/Src/sysmem.o
LOAD Core/Src/system_stm32f7xx.o
LOAD Core/Startup/startup_stm32f746nghx.o
LOAD Drivers/STM32F7xx_HAL_Driver/Src/stm32f7xx_hal.o
LOAD Drivers/STM32F7xx_HAL_Driver/Src/stm32f7xx_hal_adc.o
LOAD Drivers/STM32F7xx_HAL_Driver/Src/stm32f7xx_hal_adc_ex.o
LOAD Drivers/STM32F7xx_HAL_Driver/Src/stm32f7xx_hal_cortex.o
LOAD Drivers/STM32F7xx_HAL_Driver/Src/stm32f7xx_hal_crc.o
LOAD Drivers/STM32F7xx_HAL_Driver/Src/stm32f7xx_hal_crc_ex.o
LOAD Drivers/STM32F7xx_HAL_Driver/Src/stm32f7xx_hal_dma.o
LOAD Drivers/STM32F7xx_HAL_Driver/Src/stm32f7xx_hal_dma_ex.o
LOAD Drivers/STM32F7xx_HAL_Driver/Src/stm32f7xx_hal_exti.o
LOAD Drivers/STM32F7xx_HAL_Driver/Src/stm32f7xx_hal_flash.o
LOAD Drivers/STM32F7xx_HAL_Driver/Src/stm32f7xx_hal_flash_ex.o
LOAD Drivers/STM32F7xx_HAL_Driver/Src/stm32f7xx_hal_gpio.o
LOAD Drivers/STM32F7xx_HAL_Driver/Src/stm32f7xx_hal_i2c.o
LOAD Drivers/STM32F7xx_HAL_Driver/Src/stm32f7xx_hal_i2c_ex.o
LOAD Drivers/STM32F7xx_HAL_Driver/Src/stm32f7xx_hal_pwr.o
LOAD Drivers/STM32F7xx_HAL_Driver/Src/stm32f7xx_hal_pwr_ex.o
LOAD Drivers/STM32F7xx_HAL_Driver/Src/stm32f7xx_hal_rcc.o
LOAD Drivers/STM32F7xx_HAL_Driver/Src/stm32f7xx_hal_rcc_ex.o
LOAD Drivers/STM32F7xx_HAL_Driver/Src/stm32f7xx_hal_tim.o
LOAD Drivers/STM32F7xx_HAL_Driver/Src/stm32f7xx_hal_tim_ex.o
LOAD Drivers/STM32_AI_AudioPreprocessing_Library/Src/common_tables.o
LOAD Drivers/STM32_AI_AudioPreprocessing_Library/Src/dct.o
LOAD Drivers/STM32_AI_AudioPreprocessing_Library/Src/feature_extraction.o
LOAD Drivers/STM32_AI_AudioPreprocessing_Library/Src/mel_filterbank.o
LOAD Drivers/STM32_AI_AudioPreprocessing_Library/Src/window.o
LOAD X-CUBE-AI/App/app_x-cube-ai.o
LOAD X-CUBE-AI/App/network.o
LOAD X-CUBE-AI/App/network_data.o
LOAD ../libs\libarm_cortexM7lfdp_math.a
LOAD ../Middlewares/ST/AI/Lib\NetworkRuntime520_CM7_GCC.a
START GROUP
LOAD ../libs\libarm_cortexM7lfdp_math.a
LOAD ../Middlewares/ST/AI/Lib\NetworkRuntime520_CM7_GCC.a
END GROUP
START GROUP
LOAD d:/stm32cubeide/stm32cubeide_1.6.1/stm32cubeide/plugins/com.st.stm32cube.ide.mcu.externaltools.gnu-tools-for-stm32.9-2020-q2-update.win32_1.5.0.202011040924/tools/bin/../lib/gcc/arm-none-eabi/9.3.1/../../../../arm-none-eabi/lib/thumb/v7e-m+fp/hard\libc_nano.a
LOAD d:/stm32cubeide/stm32cubeide_1.6.1/stm32cubeide/plugins/com.st.stm32cube.ide.mcu.externaltools.gnu-tools-for-stm32.9-2020-q2-update.win32_1.5.0.202011040924/tools/bin/../lib/gcc/arm-none-eabi/9.3.1/../../../../arm-none-eabi/lib/thumb/v7e-m+fp/hard\libm.a
END GROUP
START GROUP
LOAD d:/stm32cubeide/stm32cubeide_1.6.1/stm32cubeide/plugins/com.st.stm32cube.ide.mcu.externaltools.gnu-tools-for-stm32.9-2020-q2-update.win32_1.5.0.202011040924/tools/bin/../lib/gcc/arm-none-eabi/9.3.1/thumb/v7e-m+fp/hard\libgcc.a
LOAD d:/stm32cubeide/stm32cubeide_1.6.1/stm32cubeide/plugins/com.st.stm32cube.ide.mcu.externaltools.gnu-tools-for-stm32.9-2020-q2-update.win32_1.5.0.202011040924/tools/bin/../lib/gcc/arm-none-eabi/9.3.1/../../../../arm-none-eabi/lib/thumb/v7e-m+fp/hard\libc_nano.a
END GROUP
START GROUP
LOAD d:/stm32cubeide/stm32cubeide_1.6.1/stm32cubeide/plugins/com.st.stm32cube.ide.mcu.externaltools.gnu-tools-for-stm32.9-2020-q2-update.win32_1.5.0.202011040924/tools/bin/../lib/gcc/arm-none-eabi/9.3.1/thumb/v7e-m+fp/hard\libgcc.a
LOAD d:/stm32cubeide/stm32cubeide_1.6.1/stm32cubeide/plugins/com.st.stm32cube.ide.mcu.externaltools.gnu-tools-for-stm32.9-2020-q2-update.win32_1.5.0.202011040924/tools/bin/../lib/gcc/arm-none-eabi/9.3.1/../../../../arm-none-eabi/lib/thumb/v7e-m+fp/hard\libc_nano.a
LOAD d:/stm32cubeide/stm32cubeide_1.6.1/stm32cubeide/plugins/com.st.stm32cube.ide.mcu.externaltools.gnu-tools-for-stm32.9-2020-q2-update.win32_1.5.0.202011040924/tools/bin/../lib/gcc/arm-none-eabi/9.3.1/../../../../arm-none-eabi/lib/thumb/v7e-m+fp/hard\libnosys.a
END GROUP
START GROUP
LOAD d:/stm32cubeide/stm32cubeide_1.6.1/stm32cubeide/plugins/com.st.stm32cube.ide.mcu.externaltools.gnu-tools-for-stm32.9-2020-q2-update.win32_1.5.0.202011040924/tools/bin/../lib/gcc/arm-none-eabi/9.3.1/thumb/v7e-m+fp/hard\libgcc.a
LOAD d:/stm32cubeide/stm32cubeide_1.6.1/stm32cubeide/plugins/com.st.stm32cube.ide.mcu.externaltools.gnu-tools-for-stm32.9-2020-q2-update.win32_1.5.0.202011040924/tools/bin/../lib/gcc/arm-none-eabi/9.3.1/../../../../arm-none-eabi/lib/thumb/v7e-m+fp/hard\libc_nano.a
LOAD d:/stm32cubeide/stm32cubeide_1.6.1/stm32cubeide/plugins/com.st.stm32cube.ide.mcu.externaltools.gnu-tools-for-stm32.9-2020-q2-update.win32_1.5.0.202011040924/tools/bin/../lib/gcc/arm-none-eabi/9.3.1/../../../../arm-none-eabi/lib/thumb/v7e-m+fp/hard\libnosys.a
END GROUP
LOAD d:/stm32cubeide/stm32cubeide_1.6.1/stm32cubeide/plugins/com.st.stm32cube.ide.mcu.externaltools.gnu-tools-for-stm32.9-2020-q2-update.win32_1.5.0.202011040924/tools/bin/../lib/gcc/arm-none-eabi/9.3.1/thumb/v7e-m+fp/hard/crtend.o
LOAD d:/stm32cubeide/stm32cubeide_1.6.1/stm32cubeide/plugins/com.st.stm32cube.ide.mcu.externaltools.gnu-tools-for-stm32.9-2020-q2-update.win32_1.5.0.202011040924/tools/bin/../lib/gcc/arm-none-eabi/9.3.1/thumb/v7e-m+fp/hard/crtn.o
                0x0000000020050000                _estack = (ORIGIN (RAM) + LENGTH (RAM))
                0x0000000000000200                _Min_Heap_Size = 0x200
                0x0000000000000800                _Min_Stack_Size = 0x800

.isr_vector     0x0000000008000000      0x1c8
                0x0000000008000000                . = ALIGN (0x4)
 *(.isr_vector)
 .isr_vector    0x0000000008000000      0x1c8 Core/Startup/startup_stm32f746nghx.o
                0x0000000008000000                g_pfnVectors
                0x00000000080001c8                . = ALIGN (0x4)

.text           0x00000000080001d0     0xb1f0
                0x00000000080001d0                . = ALIGN (0x4)
 *(.text)
 .text          0x00000000080001d0       0x40 d:/stm32cubeide/stm32cubeide_1.6.1/stm32cubeide/plugins/com.st.stm32cube.ide.mcu.externaltools.gnu-tools-for-stm32.9-2020-q2-update.win32_1.5.0.202011040924/tools/bin/../lib/gcc/arm-none-eabi/9.3.1/thumb/v7e-m+fp/hard/crtbegin.o
 .text          0x0000000008000210       0xc0 ../libs\libarm_cortexM7lfdp_math.a(arm_bitreversal2.o)
                0x0000000008000210                arm_bitreversal_32
                0x000000000800027a                arm_bitreversal_16
 .text          0x00000000080002d0       0xa0 d:/stm32cubeide/stm32cubeide_1.6.1/stm32cubeide/plugins/com.st.stm32cube.ide.mcu.externaltools.gnu-tools-for-stm32.9-2020-q2-update.win32_1.5.0.202011040924/tools/bin/../lib/gcc/arm-none-eabi/9.3.1/../../../../arm-none-eabi/lib/thumb/v7e-m+fp/hard\libc_nano.a(lib_a-memchr.o)
                0x00000000080002d0                memchr
 .text          0x0000000008000370      0x378 d:/stm32cubeide/stm32cubeide_1.6.1/stm32cubeide/plugins/com.st.stm32cube.ide.mcu.externaltools.gnu-tools-for-stm32.9-2020-q2-update.win32_1.5.0.202011040924/tools/bin/../lib/gcc/arm-none-eabi/9.3.1/thumb/v7e-m+fp/hard\libgcc.a(_arm_addsubdf3.o)
                0x0000000008000370                __aeabi_drsub
                0x0000000008000378                __aeabi_dsub
                0x0000000008000378                __subdf3
                0x000000000800037c                __aeabi_dadd
                0x000000000800037c                __adddf3
                0x00000000080005f4                __floatunsidf
                0x00000000080005f4                __aeabi_ui2d
                0x0000000008000614                __floatsidf
                0x0000000008000614                __aeabi_i2d
                0x0000000008000638                __aeabi_f2d
                0x0000000008000638                __extendsfdf2
                0x000000000800067c                __floatundidf
                0x000000000800067c                __aeabi_ul2d
                0x000000000800068c                __floatdidf
                0x000000000800068c                __aeabi_l2d
 .text          0x00000000080006e8      0x424 d:/stm32cubeide/stm32cubeide_1.6.1/stm32cubeide/plugins/com.st.stm32cube.ide.mcu.externaltools.gnu-tools-for-stm32.9-2020-q2-update.win32_1.5.0.202011040924/tools/bin/../lib/gcc/arm-none-eabi/9.3.1/thumb/v7e-m+fp/hard\libgcc.a(_arm_muldivdf3.o)
                0x00000000080006e8                __aeabi_dmul
                0x00000000080006e8                __muldf3
                0x000000000800093c                __divdf3
                0x000000000800093c                __aeabi_ddiv
 .text          0x0000000008000b0c      0x110 d:/stm32cubeide/stm32cubeide_1.6.1/stm32cubeide/plugins/com.st.stm32cube.ide.mcu.externaltools.gnu-tools-for-stm32.9-2020-q2-update.win32_1.5.0.202011040924/tools/bin/../lib/gcc/arm-none-eabi/9.3.1/thumb/v7e-m+fp/hard\libgcc.a(_arm_cmpdf2.o)
                0x0000000008000b0c                __gtdf2
                0x0000000008000b0c                __gedf2
                0x0000000008000b14                __ltdf2
                0x0000000008000b14                __ledf2
                0x0000000008000b1c                __nedf2
                0x0000000008000b1c                __eqdf2
                0x0000000008000b1c                __cmpdf2
                0x0000000008000b98                __aeabi_cdrcmple
                0x0000000008000ba8                __aeabi_cdcmpeq
                0x0000000008000ba8                __aeabi_cdcmple
                0x0000000008000bb8                __aeabi_dcmpeq
                0x0000000008000bcc                __aeabi_dcmplt
                0x0000000008000be0                __aeabi_dcmple
                0x0000000008000bf4                __aeabi_dcmpge
                0x0000000008000c08                __aeabi_dcmpgt
 .text          0x0000000008000c1c       0xa0 d:/stm32cubeide/stm32cubeide_1.6.1/stm32cubeide/plugins/com.st.stm32cube.ide.mcu.externaltools.gnu-tools-for-stm32.9-2020-q2-update.win32_1.5.0.202011040924/tools/bin/../lib/gcc/arm-none-eabi/9.3.1/thumb/v7e-m+fp/hard\libgcc.a(_arm_truncdfsf2.o)
                0x0000000008000c1c                __truncdfsf2
                0x0000000008000c1c                __aeabi_d2f
 .text          0x0000000008000cbc       0x30 d:/stm32cubeide/stm32cubeide_1.6.1/stm32cubeide/plugins/com.st.stm32cube.ide.mcu.externaltools.gnu-tools-for-stm32.9-2020-q2-update.win32_1.5.0.202011040924/tools/bin/../lib/gcc/arm-none-eabi/9.3.1/thumb/v7e-m+fp/hard\libgcc.a(_aeabi_uldivmod.o)
                0x0000000008000cbc                __aeabi_uldivmod
 .text          0x0000000008000cec      0x2c4 d:/stm32cubeide/stm32cubeide_1.6.1/stm32cubeide/plugins/com.st.stm32cube.ide.mcu.externaltools.gnu-tools-for-stm32.9-2020-q2-update.win32_1.5.0.202011040924/tools/bin/../lib/gcc/arm-none-eabi/9.3.1/thumb/v7e-m+fp/hard\libgcc.a(_udivmoddi4.o)
                0x0000000008000cec                __udivmoddi4
 .text          0x0000000008000fb0        0x4 d:/stm32cubeide/stm32cubeide_1.6.1/stm32cubeide/plugins/com.st.stm32cube.ide.mcu.externaltools.gnu-tools-for-stm32.9-2020-q2-update.win32_1.5.0.202011040924/tools/bin/../lib/gcc/arm-none-eabi/9.3.1/thumb/v7e-m+fp/hard\libgcc.a(_dvmd_tls.o)
                0x0000000008000fb0                __aeabi_idiv0
                0x0000000008000fb0                __aeabi_ldiv0
 *(.text*)
 .text.SCB_EnableICache
                0x0000000008000fb4       0x4c Core/Src/main.o
 .text.SCB_EnableDCache
                0x0000000008001000       0x88 Core/Src/main.o
 .text.main     0x0000000008001088       0xac Core/Src/main.o
                0x0000000008001088                main
 .text.SystemClock_Config
                0x0000000008001134       0xd8 Core/Src/main.o
                0x0000000008001134                SystemClock_Config
 .text.MX_ADC3_Init
                0x000000000800120c       0xa4 Core/Src/main.o
 .text.MX_CRC_Init
                0x00000000080012b0       0x44 Core/Src/main.o
 .text.MX_TIM2_Init
                0x00000000080012f4       0xe0 Core/Src/main.o
 .text.MX_DMA_Init
                0x00000000080013d4       0x3c Core/Src/main.o
 .text.MX_GPIO_Init
                0x0000000008001410      0x17c Core/Src/main.o
 .text.Sort_ADC_buffer
                0x000000000800158c       0x7c Core/Src/main.o
                0x000000000800158c                Sort_ADC_buffer
 .text.Mel_array
                0x0000000008001608       0xe0 Core/Src/main.o
                0x0000000008001608                Mel_array
 .text.Find_max_output_ind
                0x00000000080016e8       0xd0 Core/Src/main.o
                0x00000000080016e8                Find_max_output_ind
 .text.Wakeup   0x00000000080017b8      0x424 Core/Src/main.o
                0x00000000080017b8                Wakeup
 .text.PowerTodB
                0x0000000008001bdc      0x118 Core/Src/main.o
 .text.delay_us
                0x0000000008001cf4       0x34 Core/Src/main.o
                0x0000000008001cf4                delay_us
 .text.mark     0x0000000008001d28       0x84 Core/Src/main.o
                0x0000000008001d28                mark
 .text.space    0x0000000008001dac       0x30 Core/Src/main.o
                0x0000000008001dac                space
 .text.sendRaw  0x0000000008001ddc       0x60 Core/Src/main.o
                0x0000000008001ddc                sendRaw
 .text.Preprocessing_Init
                0x0000000008001e3c       0x8c Core/Src/main.o
 .text.Error_Handler
                0x0000000008001ec8        0xe Core/Src/main.o
                0x0000000008001ec8                Error_Handler
 *fill*         0x0000000008001ed6        0x2 
 .text.HAL_MspInit
                0x0000000008001ed8       0x48 Core/Src/stm32f7xx_hal_msp.o
                0x0000000008001ed8                HAL_MspInit
 .text.HAL_ADC_MspInit
                0x0000000008001f20       0xec Core/Src/stm32f7xx_hal_msp.o
                0x0000000008001f20                HAL_ADC_MspInit
 .text.HAL_CRC_MspInit
                0x000000000800200c       0x40 Core/Src/stm32f7xx_hal_msp.o
                0x000000000800200c                HAL_CRC_MspInit
 .text.HAL_TIM_Base_MspInit
                0x000000000800204c       0x84 Core/Src/stm32f7xx_hal_msp.o
                0x000000000800204c                HAL_TIM_Base_MspInit
 .text.NMI_Handler
                0x00000000080020d0        0xe Core/Src/stm32f7xx_it.o
                0x00000000080020d0                NMI_Handler
 .text.HardFault_Handler
                0x00000000080020de        0x6 Core/Src/stm32f7xx_it.o
                0x00000000080020de                HardFault_Handler
 .text.MemManage_Handler
                0x00000000080020e4        0x6 Core/Src/stm32f7xx_it.o
                0x00000000080020e4                MemManage_Handler
 .text.BusFault_Handler
                0x00000000080020ea        0x6 Core/Src/stm32f7xx_it.o
                0x00000000080020ea                BusFault_Handler
 .text.UsageFault_Handler
                0x00000000080020f0        0x6 Core/Src/stm32f7xx_it.o
                0x00000000080020f0                UsageFault_Handler
 .text.SVC_Handler
                0x00000000080020f6        0xe Core/Src/stm32f7xx_it.o
                0x00000000080020f6                SVC_Handler
 .text.DebugMon_Handler
                0x0000000008002104        0xe Core/Src/stm32f7xx_it.o
                0x0000000008002104                DebugMon_Handler
 .text.PendSV_Handler
                0x0000000008002112        0xe Core/Src/stm32f7xx_it.o
                0x0000000008002112                PendSV_Handler
 .text.SysTick_Handler
                0x0000000008002120        0xc Core/Src/stm32f7xx_it.o
                0x0000000008002120                SysTick_Handler
 .text.DMA2_Stream0_IRQHandler
                0x000000000800212c       0x14 Core/Src/stm32f7xx_it.o
                0x000000000800212c                DMA2_Stream0_IRQHandler
 .text._read    0x0000000008002140       0x3a Core/Src/syscalls.o
                0x0000000008002140                _read
 .text._write   0x000000000800217a       0x38 Core/Src/syscalls.o
                0x000000000800217a                _write
 .text._close   0x00000000080021b2       0x18 Core/Src/syscalls.o
                0x00000000080021b2                _close
 .text._fstat   0x00000000080021ca       0x20 Core/Src/syscalls.o
                0x00000000080021ca                _fstat
 .text._isatty  0x00000000080021ea       0x16 Core/Src/syscalls.o
                0x00000000080021ea                _isatty
 .text._lseek   0x0000000008002200       0x1a Core/Src/syscalls.o
                0x0000000008002200                _lseek
 *fill*         0x000000000800221a        0x2 
 .text._sbrk    0x000000000800221c       0x6c Core/Src/sysmem.o
                0x000000000800221c                _sbrk
 .text.SystemInit
                0x0000000008002288       0x2c Core/Src/system_stm32f7xx.o
                0x0000000008002288                SystemInit
 .text.Reset_Handler
                0x00000000080022b4       0x50 Core/Startup/startup_stm32f746nghx.o
                0x00000000080022b4                Reset_Handler
 .text.Default_Handler
                0x0000000008002304        0x2 Core/Startup/startup_stm32f746nghx.o
                0x0000000008002304                RTC_Alarm_IRQHandler
                0x0000000008002304                EXTI2_IRQHandler
                0x0000000008002304                TIM8_CC_IRQHandler
                0x0000000008002304                UART8_IRQHandler
                0x0000000008002304                SPI4_IRQHandler
                0x0000000008002304                TIM1_CC_IRQHandler
                0x0000000008002304                DMA2_Stream5_IRQHandler
                0x0000000008002304                DMA1_Stream5_IRQHandler
                0x0000000008002304                PVD_IRQHandler
                0x0000000008002304                TAMP_STAMP_IRQHandler
                0x0000000008002304                CAN2_RX1_IRQHandler
                0x0000000008002304                EXTI3_IRQHandler
                0x0000000008002304                TIM8_TRG_COM_TIM14_IRQHandler
                0x0000000008002304                TIM1_UP_TIM10_IRQHandler
                0x0000000008002304                TIM8_UP_TIM13_IRQHandler
                0x0000000008002304                I2C3_ER_IRQHandler
                0x0000000008002304                EXTI0_IRQHandler
                0x0000000008002304                I2C2_EV_IRQHandler
                0x0000000008002304                DMA1_Stream2_IRQHandler
                0x0000000008002304                CAN1_RX0_IRQHandler
                0x0000000008002304                FPU_IRQHandler
                0x0000000008002304                OTG_HS_WKUP_IRQHandler
                0x0000000008002304                LTDC_ER_IRQHandler
                0x0000000008002304                CAN2_SCE_IRQHandler
                0x0000000008002304                DMA2_Stream2_IRQHandler
                0x0000000008002304                SPI1_IRQHandler
                0x0000000008002304                TIM6_DAC_IRQHandler
                0x0000000008002304                TIM1_BRK_TIM9_IRQHandler
                0x0000000008002304                DCMI_IRQHandler
                0x0000000008002304                CAN2_RX0_IRQHandler
                0x0000000008002304                DMA2_Stream3_IRQHandler
                0x0000000008002304                SAI2_IRQHandler
                0x0000000008002304                USART6_IRQHandler
                0x0000000008002304                USART3_IRQHandler
                0x0000000008002304                CAN1_RX1_IRQHandler
                0x0000000008002304                UART5_IRQHandler
                0x0000000008002304                TIM4_IRQHandler
                0x0000000008002304                QUADSPI_IRQHandler
                0x0000000008002304                I2C1_EV_IRQHandler
                0x0000000008002304                DMA1_Stream6_IRQHandler
                0x0000000008002304                DMA1_Stream1_IRQHandler
                0x0000000008002304                UART4_IRQHandler
                0x0000000008002304                TIM3_IRQHandler
                0x0000000008002304                RCC_IRQHandler
                0x0000000008002304                TIM8_BRK_TIM12_IRQHandler
                0x0000000008002304                Default_Handler
                0x0000000008002304                CEC_IRQHandler
                0x0000000008002304                EXTI15_10_IRQHandler
                0x0000000008002304                ADC_IRQHandler
                0x0000000008002304                DMA1_Stream7_IRQHandler
                0x0000000008002304                SPI5_IRQHandler
                0x0000000008002304                TIM7_IRQHandler
                0x0000000008002304                SDMMC1_IRQHandler
                0x0000000008002304                CAN2_TX_IRQHandler
                0x0000000008002304                TIM5_IRQHandler
                0x0000000008002304                DMA2_Stream7_IRQHandler
                0x0000000008002304                I2C3_EV_IRQHandler
                0x0000000008002304                EXTI9_5_IRQHandler
                0x0000000008002304                RTC_WKUP_IRQHandler
                0x0000000008002304                LTDC_IRQHandler
                0x0000000008002304                ETH_WKUP_IRQHandler
                0x0000000008002304                SPDIF_RX_IRQHandler
                0x0000000008002304                SPI2_IRQHandler
                0x0000000008002304                OTG_HS_EP1_IN_IRQHandler
                0x0000000008002304                DMA1_Stream0_IRQHandler
                0x0000000008002304                CAN1_TX_IRQHandler
                0x0000000008002304                EXTI4_IRQHandler
                0x0000000008002304                RNG_IRQHandler
                0x0000000008002304                ETH_IRQHandler
                0x0000000008002304                OTG_HS_EP1_OUT_IRQHandler
                0x0000000008002304                WWDG_IRQHandler
                0x0000000008002304                SPI6_IRQHandler
                0x0000000008002304                I2C4_EV_IRQHandler
                0x0000000008002304                TIM2_IRQHandler
                0x0000000008002304                OTG_FS_WKUP_IRQHandler
                0x0000000008002304                TIM1_TRG_COM_TIM11_IRQHandler
                0x0000000008002304                OTG_HS_IRQHandler
                0x0000000008002304                DMA2D_IRQHandler
                0x0000000008002304                EXTI1_IRQHandler
                0x0000000008002304                UART7_IRQHandler
                0x0000000008002304                USART2_IRQHandler
                0x0000000008002304                I2C2_ER_IRQHandler
                0x0000000008002304                DMA2_Stream1_IRQHandler
                0x0000000008002304                CAN1_SCE_IRQHandler
                0x0000000008002304                FLASH_IRQHandler
                0x0000000008002304                DMA2_Stream4_IRQHandler
                0x0000000008002304                USART1_IRQHandler
                0x0000000008002304                OTG_FS_IRQHandler
                0x0000000008002304                SPI3_IRQHandler
                0x0000000008002304                DMA1_Stream4_IRQHandler
                0x0000000008002304                I2C1_ER_IRQHandler
                0x0000000008002304                FMC_IRQHandler
                0x0000000008002304                LPTIM1_IRQHandler
                0x0000000008002304                I2C4_ER_IRQHandler
                0x0000000008002304                DMA2_Stream6_IRQHandler
                0x0000000008002304                SAI1_IRQHandler
                0x0000000008002304                DMA1_Stream3_IRQHandler
 .text.HAL_Init
                0x0000000008002306       0x1a Drivers/STM32F7xx_HAL_Driver/Src/stm32f7xx_hal.o
                0x0000000008002306                HAL_Init
 .text.HAL_InitTick
                0x0000000008002320       0x60 Drivers/STM32F7xx_HAL_Driver/Src/stm32f7xx_hal.o
                0x0000000008002320                HAL_InitTick
 .text.HAL_IncTick
                0x0000000008002380       0x28 Drivers/STM32F7xx_HAL_Driver/Src/stm32f7xx_hal.o
                0x0000000008002380                HAL_IncTick
 .text.HAL_GetTick
                0x00000000080023a8       0x18 Drivers/STM32F7xx_HAL_Driver/Src/stm32f7xx_hal.o
                0x00000000080023a8                HAL_GetTick
 .text.HAL_Delay
                0x00000000080023c0       0x48 Drivers/STM32F7xx_HAL_Driver/Src/stm32f7xx_hal.o
                0x00000000080023c0                HAL_Delay
 .text.HAL_ADC_Init
                0x0000000008002408       0x88 Drivers/STM32F7xx_HAL_Driver/Src/stm32f7xx_hal_adc.o
                0x0000000008002408                HAL_ADC_Init
 .text.HAL_ADC_Start_DMA
                0x0000000008002490      0x1dc Drivers/STM32F7xx_HAL_Driver/Src/stm32f7xx_hal_adc.o
                0x0000000008002490                HAL_ADC_Start_DMA
 .text.HAL_ADC_ConvCpltCallback
                0x000000000800266c       0x14 Drivers/STM32F7xx_HAL_Driver/Src/stm32f7xx_hal_adc.o
                0x000000000800266c                HAL_ADC_ConvCpltCallback
 .text.HAL_ADC_ConvHalfCpltCallback
                0x0000000008002680       0x14 Drivers/STM32F7xx_HAL_Driver/Src/stm32f7xx_hal_adc.o
                0x0000000008002680                HAL_ADC_ConvHalfCpltCallback
 .text.HAL_ADC_ErrorCallback
                0x0000000008002694       0x14 Drivers/STM32F7xx_HAL_Driver/Src/stm32f7xx_hal_adc.o
                0x0000000008002694                HAL_ADC_ErrorCallback
 .text.HAL_ADC_ConfigChannel
                0x00000000080026a8      0x294 Drivers/STM32F7xx_HAL_Driver/Src/stm32f7xx_hal_adc.o
                0x00000000080026a8                HAL_ADC_ConfigChannel
 .text.ADC_Init
                0x000000000800293c      0x1f4 Drivers/STM32F7xx_HAL_Driver/Src/stm32f7xx_hal_adc.o
 .text.ADC_DMAConvCplt
                0x0000000008002b30       0xba Drivers/STM32F7xx_HAL_Driver/Src/stm32f7xx_hal_adc.o
 .text.ADC_DMAHalfConvCplt
                0x0000000008002bea       0x1c Drivers/STM32F7xx_HAL_Driver/Src/stm32f7xx_hal_adc.o
 .text.ADC_DMAError
                0x0000000008002c06       0x2e Drivers/STM32F7xx_HAL_Driver/Src/stm32f7xx_hal_adc.o
 .text.__NVIC_SetPriorityGrouping
                0x0000000008002c34       0x48 Drivers/STM32F7xx_HAL_Driver/Src/stm32f7xx_hal_cortex.o
 .text.__NVIC_GetPriorityGrouping
                0x0000000008002c7c       0x1c Drivers/STM32F7xx_HAL_Driver/Src/stm32f7xx_hal_cortex.o
 .text.__NVIC_EnableIRQ
                0x0000000008002c98       0x3c Drivers/STM32F7xx_HAL_Driver/Src/stm32f7xx_hal_cortex.o
 .text.__NVIC_SetPriority
                0x0000000008002cd4       0x54 Drivers/STM32F7xx_HAL_Driver/Src/stm32f7xx_hal_cortex.o
 .text.NVIC_EncodePriority
                0x0000000008002d28       0x66 Drivers/STM32F7xx_HAL_Driver/Src/stm32f7xx_hal_cortex.o
 *fill*         0x0000000008002d8e        0x2 
 .text.SysTick_Config
                0x0000000008002d90       0x44 Drivers/STM32F7xx_HAL_Driver/Src/stm32f7xx_hal_cortex.o
 .text.HAL_NVIC_SetPriorityGrouping
                0x0000000008002dd4       0x16 Drivers/STM32F7xx_HAL_Driver/Src/stm32f7xx_hal_cortex.o
                0x0000000008002dd4                HAL_NVIC_SetPriorityGrouping
 .text.HAL_NVIC_SetPriority
                0x0000000008002dea       0x38 Drivers/STM32F7xx_HAL_Driver/Src/stm32f7xx_hal_cortex.o
                0x0000000008002dea                HAL_NVIC_SetPriority
 .text.HAL_NVIC_EnableIRQ
                0x0000000008002e22       0x1c Drivers/STM32F7xx_HAL_Driver/Src/stm32f7xx_hal_cortex.o
                0x0000000008002e22                HAL_NVIC_EnableIRQ
 .text.HAL_SYSTICK_Config
                0x0000000008002e3e       0x18 Drivers/STM32F7xx_HAL_Driver/Src/stm32f7xx_hal_cortex.o
                0x0000000008002e3e                HAL_SYSTICK_Config
 *fill*         0x0000000008002e56        0x2 
 .text.HAL_CRC_Init
                0x0000000008002e58       0xc8 Drivers/STM32F7xx_HAL_Driver/Src/stm32f7xx_hal_crc.o
                0x0000000008002e58                HAL_CRC_Init
 .text.HAL_CRCEx_Polynomial_Set
                0x0000000008002f20      0x10c Drivers/STM32F7xx_HAL_Driver/Src/stm32f7xx_hal_crc_ex.o
                0x0000000008002f20                HAL_CRCEx_Polynomial_Set
 .text.HAL_DMA_Init
                0x000000000800302c      0x15c Drivers/STM32F7xx_HAL_Driver/Src/stm32f7xx_hal_dma.o
                0x000000000800302c                HAL_DMA_Init
 .text.HAL_DMA_Start_IT
                0x0000000008003188       0xc0 Drivers/STM32F7xx_HAL_Driver/Src/stm32f7xx_hal_dma.o
                0x0000000008003188                HAL_DMA_Start_IT
 .text.HAL_DMA_IRQHandler
                0x0000000008003248      0x314 Drivers/STM32F7xx_HAL_Driver/Src/stm32f7xx_hal_dma.o
                0x0000000008003248                HAL_DMA_IRQHandler
 .text.DMA_SetConfig
                0x000000000800355c       0x5c Drivers/STM32F7xx_HAL_Driver/Src/stm32f7xx_hal_dma.o
 .text.DMA_CalcBaseAndBitshift
                0x00000000080035b8       0x6c Drivers/STM32F7xx_HAL_Driver/Src/stm32f7xx_hal_dma.o
 .text.DMA_CheckFifoParam
                0x0000000008003624       0xf8 Drivers/STM32F7xx_HAL_Driver/Src/stm32f7xx_hal_dma.o
 .text.HAL_GPIO_Init
                0x000000000800371c      0x358 Drivers/STM32F7xx_HAL_Driver/Src/stm32f7xx_hal_gpio.o
                0x000000000800371c                HAL_GPIO_Init
 .text.HAL_GPIO_ReadPin
                0x0000000008003a74       0x30 Drivers/STM32F7xx_HAL_Driver/Src/stm32f7xx_hal_gpio.o
                0x0000000008003a74                HAL_GPIO_ReadPin
 .text.HAL_GPIO_WritePin
                0x0000000008003aa4       0x32 Drivers/STM32F7xx_HAL_Driver/Src/stm32f7xx_hal_gpio.o
                0x0000000008003aa4                HAL_GPIO_WritePin
 *fill*         0x0000000008003ad6        0x2 
 .text.HAL_PWREx_EnableOverDrive
                0x0000000008003ad8       0xa0 Drivers/STM32F7xx_HAL_Driver/Src/stm32f7xx_hal_pwr_ex.o
                0x0000000008003ad8                HAL_PWREx_EnableOverDrive
 .text.HAL_RCC_OscConfig
                0x0000000008003b78      0x548 Drivers/STM32F7xx_HAL_Driver/Src/stm32f7xx_hal_rcc.o
                0x0000000008003b78                HAL_RCC_OscConfig
 .text.HAL_RCC_ClockConfig
                0x00000000080040c0      0x1d8 Drivers/STM32F7xx_HAL_Driver/Src/stm32f7xx_hal_rcc.o
                0x00000000080040c0                HAL_RCC_ClockConfig
 .text.HAL_RCC_GetSysClockFreq
                0x0000000008004298      0x16c Drivers/STM32F7xx_HAL_Driver/Src/stm32f7xx_hal_rcc.o
                0x0000000008004298                HAL_RCC_GetSysClockFreq
 .text.HAL_TIM_Base_Init
                0x0000000008004404       0x56 Drivers/STM32F7xx_HAL_Driver/Src/stm32f7xx_hal_tim.o
                0x0000000008004404                HAL_TIM_Base_Init
 .text.HAL_TIM_IC_Init
                0x000000000800445a       0x56 Drivers/STM32F7xx_HAL_Driver/Src/stm32f7xx_hal_tim.o
                0x000000000800445a                HAL_TIM_IC_Init
 .text.HAL_TIM_IC_MspInit
                0x00000000080044b0       0x14 Drivers/STM32F7xx_HAL_Driver/Src/stm32f7xx_hal_tim.o
                0x00000000080044b0                HAL_TIM_IC_MspInit
 .text.HAL_TIM_IC_Start_IT
                0x00000000080044c4       0xdc Drivers/STM32F7xx_HAL_Driver/Src/stm32f7xx_hal_tim.o
                0x00000000080044c4                HAL_TIM_IC_Start_IT
 .text.HAL_TIM_IC_ConfigChannel
                0x00000000080045a0      0x138 Drivers/STM32F7xx_HAL_Driver/Src/stm32f7xx_hal_tim.o
                0x00000000080045a0                HAL_TIM_IC_ConfigChannel
 .text.HAL_TIM_ConfigClockSource
                0x00000000080046d8      0x18c Drivers/STM32F7xx_HAL_Driver/Src/stm32f7xx_hal_tim.o
                0x00000000080046d8                HAL_TIM_ConfigClockSource
 .text.TIM_Base_SetConfig
                0x0000000008004864      0x140 Drivers/STM32F7xx_HAL_Driver/Src/stm32f7xx_hal_tim.o
                0x0000000008004864                TIM_Base_SetConfig
 .text.TIM_TI1_SetConfig
                0x00000000080049a4       0xe8 Drivers/STM32F7xx_HAL_Driver/Src/stm32f7xx_hal_tim.o
                0x00000000080049a4                TIM_TI1_SetConfig
 .text.TIM_TI1_ConfigInputStage
                0x0000000008004a8c       0x5e Drivers/STM32F7xx_HAL_Driver/Src/stm32f7xx_hal_tim.o
 .text.TIM_TI2_SetConfig
                0x0000000008004aea       0x7a Drivers/STM32F7xx_HAL_Driver/Src/stm32f7xx_hal_tim.o
 .text.TIM_TI2_ConfigInputStage
                0x0000000008004b64       0x60 Drivers/STM32F7xx_HAL_Driver/Src/stm32f7xx_hal_tim.o
 .text.TIM_TI3_SetConfig
                0x0000000008004bc4       0x78 Drivers/STM32F7xx_HAL_Driver/Src/stm32f7xx_hal_tim.o
 .text.TIM_TI4_SetConfig
                0x0000000008004c3c       0x7a Drivers/STM32F7xx_HAL_Driver/Src/stm32f7xx_hal_tim.o
 .text.TIM_ITRx_SetConfig
                0x0000000008004cb6       0x36 Drivers/STM32F7xx_HAL_Driver/Src/stm32f7xx_hal_tim.o
 .text.TIM_ETR_SetConfig
                0x0000000008004cec       0x40 Drivers/STM32F7xx_HAL_Driver/Src/stm32f7xx_hal_tim.o
                0x0000000008004cec                TIM_ETR_SetConfig
 .text.TIM_CCxChannelCmd
                0x0000000008004d2c       0x4a Drivers/STM32F7xx_HAL_Driver/Src/stm32f7xx_hal_tim.o
                0x0000000008004d2c                TIM_CCxChannelCmd
 *fill*         0x0000000008004d76        0x2 
 .text.HAL_TIMEx_MasterConfigSynchronization
                0x0000000008004d78      0x11c Drivers/STM32F7xx_HAL_Driver/Src/stm32f7xx_hal_tim_ex.o
                0x0000000008004d78                HAL_TIMEx_MasterConfigSynchronization
 .text.SpectrogramColumn
                0x0000000008004e94      0x110 Drivers/STM32_AI_AudioPreprocessing_Library/Src/feature_extraction.o
                0x0000000008004e94                SpectrogramColumn
 .text.MelSpectrogramColumn
                0x0000000008004fa4       0x38 Drivers/STM32_AI_AudioPreprocessing_Library/Src/feature_extraction.o
                0x0000000008004fa4                MelSpectrogramColumn
 .text.MelFilterbank
                0x0000000008004fdc       0xaa Drivers/STM32_AI_AudioPreprocessing_Library/Src/mel_filterbank.o
                0x0000000008004fdc                MelFilterbank
 *fill*         0x0000000008005086        0x2 
 .text.ai_log_err
                0x0000000008005088       0x40 X-CUBE-AI/App/app_x-cube-ai.o
 .text.ai_boostrap
                0x00000000080050c8      0x10c X-CUBE-AI/App/app_x-cube-ai.o
 .text.ai_run   0x00000000080051d4       0x68 X-CUBE-AI/App/app_x-cube-ai.o
                0x00000000080051d4                ai_run
 .text.MX_X_CUBE_AI_Init
                0x000000000800523c       0x24 X-CUBE-AI/App/app_x-cube-ai.o
                0x000000000800523c                MX_X_CUBE_AI_Init
 .text.network_configure_activations
                0x0000000008005260       0xf0 X-CUBE-AI/App/network.o
 .text.network_configure_weights
                0x0000000008005350      0x22c X-CUBE-AI/App/network.o
 .text.ai_network_get_info
                0x000000000800557c       0xd0 X-CUBE-AI/App/network.o
                0x000000000800557c                ai_network_get_info
 .text.ai_network_get_error
                0x000000000800564c       0x18 X-CUBE-AI/App/network.o
                0x000000000800564c                ai_network_get_error
 .text.ai_network_create
                0x0000000008005664       0x2c X-CUBE-AI/App/network.o
                0x0000000008005664                ai_network_create
 .text.ai_network_destroy
                0x0000000008005690       0x18 X-CUBE-AI/App/network.o
                0x0000000008005690                ai_network_destroy
 .text.ai_network_init
                0x00000000080056a8       0x7e X-CUBE-AI/App/network.o
                0x00000000080056a8                ai_network_init
 .text.ai_network_run
                0x0000000008005726       0x20 X-CUBE-AI/App/network.o
                0x0000000008005726                ai_network_run
 *fill*         0x0000000008005746        0x2 
 .text.ai_network_data_weights_get
                0x0000000008005748       0x14 X-CUBE-AI/App/network_data.o
                0x0000000008005748                ai_network_data_weights_get
 .text.arm_rfft_fast_init_f32
                0x000000000800575c      0x164 ../libs\libarm_cortexM7lfdp_math.a(arm_rfft_fast_init_f32.o)
                0x000000000800575c                arm_rfft_fast_init_f32
 .text.arm_rfft_fast_f32
                0x00000000080058c0      0x188 ../libs\libarm_cortexM7lfdp_math.a(arm_rfft_fast_f32.o)
                0x00000000080058c0                arm_rfft_fast_f32
 .text.arm_cfft_radix8by2_f32
                0x0000000008005a48      0x1a4 ../libs\libarm_cortexM7lfdp_math.a(arm_cfft_f32.o)
                0x0000000008005a48                arm_cfft_radix8by2_f32
 .text.arm_cfft_radix8by4_f32
                0x0000000008005bec      0x4b0 ../libs\libarm_cortexM7lfdp_math.a(arm_cfft_f32.o)
                0x0000000008005bec                arm_cfft_radix8by4_f32
 .text.arm_cfft_f32
                0x000000000800609c       0xf0 ../libs\libarm_cortexM7lfdp_math.a(arm_cfft_f32.o)
                0x000000000800609c                arm_cfft_f32
 .text.arm_cmplx_mag_squared_f32
                0x000000000800618c       0xb0 ../libs\libarm_cortexM7lfdp_math.a(arm_cmplx_mag_squared_f32.o)
                0x000000000800618c                arm_cmplx_mag_squared_f32
 .text.arm_mult_f32
                0x000000000800623c       0x8c ../libs\libarm_cortexM7lfdp_math.a(arm_mult_f32.o)
                0x000000000800623c                arm_mult_f32
 .text.arm_radix8_butterfly_f32
                0x00000000080062c8      0x5c0 ../libs\libarm_cortexM7lfdp_math.a(arm_cfft_radix8_f32.o)
                0x00000000080062c8                arm_radix8_butterfly_f32
 .text.ai_platform_runtime_get_revision
                0x0000000008006888       0x9c ../Middlewares/ST/AI/Lib\NetworkRuntime520_CM7_GCC.a(ai_platform_interface.o)
                0x0000000008006888                ai_platform_runtime_get_revision
 .text.ai_platform_runtime_get_version
                0x0000000008006924       0xc4 ../Middlewares/ST/AI/Lib\NetworkRuntime520_CM7_GCC.a(ai_platform_interface.o)
                0x0000000008006924                ai_platform_runtime_get_version
 .text.ai_platform_api_get_version
                0x00000000080069e8       0xc4 ../Middlewares/ST/AI/Lib\NetworkRuntime520_CM7_GCC.a(ai_platform_interface.o)
                0x00000000080069e8                ai_platform_api_get_version
 .text.ai_platform_interface_api_get_version
                0x0000000008006aac       0xc4 ../Middlewares/ST/AI/Lib\NetworkRuntime520_CM7_GCC.a(ai_platform_interface.o)
                0x0000000008006aac                ai_platform_interface_api_get_version
 .text.ai_platform_context_acquire
                0x0000000008006b70       0xa4 ../Middlewares/ST/AI/Lib\NetworkRuntime520_CM7_GCC.a(ai_platform_interface.o)
                0x0000000008006b70                ai_platform_context_acquire
 .text.ai_platform_network_get_error
                0x0000000008006c14      0x11c ../Middlewares/ST/AI/Lib\NetworkRuntime520_CM7_GCC.a(ai_platform_interface.o)
                0x0000000008006c14                ai_platform_network_get_error
 .text.ai_platform_api_get_network_report
                0x0000000008006d30      0x51c ../Middlewares/ST/AI/Lib\NetworkRuntime520_CM7_GCC.a(ai_platform_interface.o)
                0x0000000008006d30                ai_platform_api_get_network_report
 .text.ai_platform_network_create
                0x000000000800724c      0x108 ../Middlewares/ST/AI/Lib\NetworkRuntime520_CM7_GCC.a(ai_platform_interface.o)
                0x000000000800724c                ai_platform_network_create
 .text.ai_platform_network_destroy
                0x0000000008007354      0x114 ../Middlewares/ST/AI/Lib\NetworkRuntime520_CM7_GCC.a(ai_platform_interface.o)
                0x0000000008007354                ai_platform_network_destroy
 .text.ai_platform_network_init
                0x0000000008007468      0x1d0 ../Middlewares/ST/AI/Lib\NetworkRuntime520_CM7_GCC.a(ai_platform_interface.o)
                0x0000000008007468                ai_platform_network_init
 .text.ai_platform_network_post_init
                0x0000000008007638      0x158 ../Middlewares/ST/AI/Lib\NetworkRuntime520_CM7_GCC.a(ai_platform_interface.o)
                0x0000000008007638                ai_platform_network_post_init
 .text.ai_platform_network_process
                0x0000000008007790      0x560 ../Middlewares/ST/AI/Lib\NetworkRuntime520_CM7_GCC.a(ai_platform_interface.o)
                0x0000000008007790                ai_platform_network_process
 .text.core_init
                0x0000000008007cf0        0x4 ../Middlewares/ST/AI/Lib\NetworkRuntime520_CM7_GCC.a(core_common.o)
                0x0000000008007cf0                core_init
 .text.core_get_error
                0x0000000008007cf4        0xc ../Middlewares/ST/AI/Lib\NetworkRuntime520_CM7_GCC.a(core_common.o)
                0x0000000008007cf4                core_get_error
 .text.core_set_error
                0x0000000008007d00       0x18 ../Middlewares/ST/AI/Lib\NetworkRuntime520_CM7_GCC.a(core_common.o)
                0x0000000008007d00                core_set_error
 .text.func_dummy
                0x0000000008007d18        0x4 ../Middlewares/ST/AI/Lib\NetworkRuntime520_CM7_GCC.a(layers_conv2d_generic_float.o)
 .text.ai_dict8_dot_array_f32
                0x0000000008007d1c      0x460 ../Middlewares/ST/AI/Lib\NetworkRuntime520_CM7_GCC.a(layers_conv2d_generic_float.o)
                0x0000000008007d1c                ai_dict8_dot_array_f32
 .text.ai_dict4_dot_array_f32
                0x000000000800817c      0x17c ../Middlewares/ST/AI/Lib\NetworkRuntime520_CM7_GCC.a(layers_conv2d_generic_float.o)
                0x000000000800817c                ai_dict4_dot_array_f32
 .text.ai_dict_decompress_f32
                0x00000000080082f8       0xa0 ../Middlewares/ST/AI/Lib\NetworkRuntime520_CM7_GCC.a(layers_conv2d_generic_float.o)
                0x00000000080082f8                ai_dict_decompress_f32
 .text.forward_conv2d
                0x0000000008008398      0xf70 ../Middlewares/ST/AI/Lib\NetworkRuntime520_CM7_GCC.a(layers_conv2d_generic_float.o)
                0x0000000008008398                forward_conv2d
 .text.forward_dense
                0x0000000008009308      0x44c ../Middlewares/ST/AI/Lib\NetworkRuntime520_CM7_GCC.a(layers_conv2d_generic_float.o)
                0x0000000008009308                forward_dense
 .text.nl_func_relu_generic_array_f32
                0x0000000008009754       0xf0 ../Middlewares/ST/AI/Lib\NetworkRuntime520_CM7_GCC.a(layers_nl_generic_float.o)
                0x0000000008009754                nl_func_relu_generic_array_f32
 .text.forward_sm
                0x0000000008009844      0x124 ../Middlewares/ST/AI/Lib\NetworkRuntime520_CM7_GCC.a(layers_nl_generic_float.o)
                0x0000000008009844                forward_sm
 .text.forward_mp
                0x0000000008009968      0x18c ../Middlewares/ST/AI/Lib\NetworkRuntime520_CM7_GCC.a(layers_pool_generic_float.o)
                0x0000000008009968                forward_mp
 .text.forward_bn
                0x0000000008009af4      0x154 ../Middlewares/ST/AI/Lib\NetworkRuntime520_CM7_GCC.a(layers_norm_generic_float.o)
                0x0000000008009af4                forward_bn
 .text.ai_check_custom_types
                0x0000000008009c48       0x54 ../Middlewares/ST/AI/Lib\NetworkRuntime520_CM7_GCC.a(layers.o)
                0x0000000008009c48                ai_check_custom_types
 .text.ai_layers_forward_all
                0x0000000008009c9c       0x74 ../Middlewares/ST/AI/Lib\NetworkRuntime520_CM7_GCC.a(layers.o)
                0x0000000008009c9c                ai_layers_forward_all
 .text.ai_array_to_buffer_fmt
                0x0000000008009d10       0x98 ../Middlewares/ST/AI/Lib\NetworkRuntime520_CM7_GCC.a(ai_datatypes_format.o)
                0x0000000008009d10                ai_array_to_buffer_fmt
 .text.ai_array_get_byte_size
                0x0000000008009da8       0x50 ../Middlewares/ST/AI/Lib\NetworkRuntime520_CM7_GCC.a(ai_datatypes_format.o)
                0x0000000008009da8                ai_array_get_byte_size
 .text.__errno  0x0000000008009df8        0xc d:/stm32cubeide/stm32cubeide_1.6.1/stm32cubeide/plugins/com.st.stm32cube.ide.mcu.externaltools.gnu-tools-for-stm32.9-2020-q2-update.win32_1.5.0.202011040924/tools/bin/../lib/gcc/arm-none-eabi/9.3.1/../../../../arm-none-eabi/lib/thumb/v7e-m+fp/hard\libc_nano.a(lib_a-errno.o)
                0x0000000008009df8                __errno
 .text.__libc_init_array
                0x0000000008009e04       0x48 d:/stm32cubeide/stm32cubeide_1.6.1/stm32cubeide/plugins/com.st.stm32cube.ide.mcu.externaltools.gnu-tools-for-stm32.9-2020-q2-update.win32_1.5.0.202011040924/tools/bin/../lib/gcc/arm-none-eabi/9.3.1/../../../../arm-none-eabi/lib/thumb/v7e-m+fp/hard\libc_nano.a(lib_a-init.o)
                0x0000000008009e04                __libc_init_array
 .text.memcpy   0x0000000008009e4c       0x1c d:/stm32cubeide/stm32cubeide_1.6.1/stm32cubeide/plugins/com.st.stm32cube.ide.mcu.externaltools.gnu-tools-for-stm32.9-2020-q2-update.win32_1.5.0.202011040924/tools/bin/../lib/gcc/arm-none-eabi/9.3.1/../../../../arm-none-eabi/lib/thumb/v7e-m+fp/hard\libc_nano.a(lib_a-memcpy-stub.o)
                0x0000000008009e4c                memcpy
 .text.memset   0x0000000008009e68       0x10 d:/stm32cubeide/stm32cubeide_1.6.1/stm32cubeide/plugins/com.st.stm32cube.ide.mcu.externaltools.gnu-tools-for-stm32.9-2020-q2-update.win32_1.5.0.202011040924/tools/bin/../lib/gcc/arm-none-eabi/9.3.1/../../../../arm-none-eabi/lib/thumb/v7e-m+fp/hard\libc_nano.a(lib_a-memset.o)
                0x0000000008009e68                memset
 .text._free_r  0x0000000008009e78       0xa0 d:/stm32cubeide/stm32cubeide_1.6.1/stm32cubeide/plugins/com.st.stm32cube.ide.mcu.externaltools.gnu-tools-for-stm32.9-2020-q2-update.win32_1.5.0.202011040924/tools/bin/../lib/gcc/arm-none-eabi/9.3.1/../../../../arm-none-eabi/lib/thumb/v7e-m+fp/hard\libc_nano.a(lib_a-nano-freer.o)
                0x0000000008009e78                _free_r
 .text._malloc_r
                0x0000000008009f18       0xb4 d:/stm32cubeide/stm32cubeide_1.6.1/stm32cubeide/plugins/com.st.stm32cube.ide.mcu.externaltools.gnu-tools-for-stm32.9-2020-q2-update.win32_1.5.0.202011040924/tools/bin/../lib/gcc/arm-none-eabi/9.3.1/../../../../arm-none-eabi/lib/thumb/v7e-m+fp/hard\libc_nano.a(lib_a-nano-mallocr.o)
                0x0000000008009f18                _malloc_r
 .text.printf   0x0000000008009fcc       0x30 d:/stm32cubeide/stm32cubeide_1.6.1/stm32cubeide/plugins/com.st.stm32cube.ide.mcu.externaltools.gnu-tools-for-stm32.9-2020-q2-update.win32_1.5.0.202011040924/tools/bin/../lib/gcc/arm-none-eabi/9.3.1/../../../../arm-none-eabi/lib/thumb/v7e-m+fp/hard\libc_nano.a(lib_a-printf.o)
                0x0000000008009fcc                iprintf
                0x0000000008009fcc                printf
 .text._puts_r  0x0000000008009ffc       0xdc d:/stm32cubeide/stm32cubeide_1.6.1/stm32cubeide/plugins/com.st.stm32cube.ide.mcu.externaltools.gnu-tools-for-stm32.9-2020-q2-update.win32_1.5.0.202011040924/tools/bin/../lib/gcc/arm-none-eabi/9.3.1/../../../../arm-none-eabi/lib/thumb/v7e-m+fp/hard\libc_nano.a(lib_a-puts.o)
                0x0000000008009ffc                _puts_r
 .text.puts     0x000000000800a0d8       0x10 d:/stm32cubeide/stm32cubeide_1.6.1/stm32cubeide/plugins/com.st.stm32cube.ide.mcu.externaltools.gnu-tools-for-stm32.9-2020-q2-update.win32_1.5.0.202011040924/tools/bin/../lib/gcc/arm-none-eabi/9.3.1/../../../../arm-none-eabi/lib/thumb/v7e-m+fp/hard\libc_nano.a(lib_a-puts.o)
                0x000000000800a0d8                puts
 .text._sbrk_r  0x000000000800a0e8       0x20 d:/stm32cubeide/stm32cubeide_1.6.1/stm32cubeide/plugins/com.st.stm32cube.ide.mcu.externaltools.gnu-tools-for-stm32.9-2020-q2-update.win32_1.5.0.202011040924/tools/bin/../lib/gcc/arm-none-eabi/9.3.1/../../../../arm-none-eabi/lib/thumb/v7e-m+fp/hard\libc_nano.a(lib_a-sbrkr.o)
                0x000000000800a0e8                _sbrk_r
 .text.__swbuf_r
                0x000000000800a108       0xa4 d:/stm32cubeide/stm32cubeide_1.6.1/stm32cubeide/plugins/com.st.stm32cube.ide.mcu.externaltools.gnu-tools-for-stm32.9-2020-q2-update.win32_1.5.0.202011040924/tools/bin/../lib/gcc/arm-none-eabi/9.3.1/../../../../arm-none-eabi/lib/thumb/v7e-m+fp/hard\libc_nano.a(lib_a-wbuf.o)
                0x000000000800a108                __swbuf_r
 .text.__swsetup_r
                0x000000000800a1ac       0xdc d:/stm32cubeide/stm32cubeide_1.6.1/stm32cubeide/plugins/com.st.stm32cube.ide.mcu.externaltools.gnu-tools-for-stm32.9-2020-q2-update.win32_1.5.0.202011040924/tools/bin/../lib/gcc/arm-none-eabi/9.3.1/../../../../arm-none-eabi/lib/thumb/v7e-m+fp/hard\libc_nano.a(lib_a-wsetup.o)
                0x000000000800a1ac                __swsetup_r
 .text.__sflush_r
                0x000000000800a288      0x10c d:/stm32cubeide/stm32cubeide_1.6.1/stm32cubeide/plugins/com.st.stm32cube.ide.mcu.externaltools.gnu-tools-for-stm32.9-2020-q2-update.win32_1.5.0.202011040924/tools/bin/../lib/gcc/arm-none-eabi/9.3.1/../../../../arm-none-eabi/lib/thumb/v7e-m+fp/hard\libc_nano.a(lib_a-fflush.o)
                0x000000000800a288                __sflush_r
 .text._fflush_r
                0x000000000800a394       0x78 d:/stm32cubeide/stm32cubeide_1.6.1/stm32cubeide/plugins/com.st.stm32cube.ide.mcu.externaltools.gnu-tools-for-stm32.9-2020-q2-update.win32_1.5.0.202011040924/tools/bin/../lib/gcc/arm-none-eabi/9.3.1/../../../../arm-none-eabi/lib/thumb/v7e-m+fp/hard\libc_nano.a(lib_a-fflush.o)
                0x000000000800a394                _fflush_r
 .text.std      0x000000000800a40c       0x48 d:/stm32cubeide/stm32cubeide_1.6.1/stm32cubeide/plugins/com.st.stm32cube.ide.mcu.externaltools.gnu-tools-for-stm32.9-2020-q2-update.win32_1.5.0.202011040924/tools/bin/../lib/gcc/arm-none-eabi/9.3.1/../../../../arm-none-eabi/lib/thumb/v7e-m+fp/hard\libc_nano.a(lib_a-findfp.o)
 .text._cleanup_r
                0x000000000800a454        0xc d:/stm32cubeide/stm32cubeide_1.6.1/stm32cubeide/plugins/com.st.stm32cube.ide.mcu.externaltools.gnu-tools-for-stm32.9-2020-q2-update.win32_1.5.0.202011040924/tools/bin/../lib/gcc/arm-none-eabi/9.3.1/../../../../arm-none-eabi/lib/thumb/v7e-m+fp/hard\libc_nano.a(lib_a-findfp.o)
                0x000000000800a454                _cleanup_r
 .text.__sfmoreglue
                0x000000000800a460       0x2c d:/stm32cubeide/stm32cubeide_1.6.1/stm32cubeide/plugins/com.st.stm32cube.ide.mcu.externaltools.gnu-tools-for-stm32.9-2020-q2-update.win32_1.5.0.202011040924/tools/bin/../lib/gcc/arm-none-eabi/9.3.1/../../../../arm-none-eabi/lib/thumb/v7e-m+fp/hard\libc_nano.a(lib_a-findfp.o)
                0x000000000800a460                __sfmoreglue
 .text.__sfp_lock_acquire
                0x000000000800a48c        0xc d:/stm32cubeide/stm32cubeide_1.6.1/stm32cubeide/plugins/com.st.stm32cube.ide.mcu.externaltools.gnu-tools-for-stm32.9-2020-q2-update.win32_1.5.0.202011040924/tools/bin/../lib/gcc/arm-none-eabi/9.3.1/../../../../arm-none-eabi/lib/thumb/v7e-m+fp/hard\libc_nano.a(lib_a-findfp.o)
                0x000000000800a48c                __sfp_lock_acquire
 .text.__sfp_lock_release
                0x000000000800a498        0xc d:/stm32cubeide/stm32cubeide_1.6.1/stm32cubeide/plugins/com.st.stm32cube.ide.mcu.externaltools.gnu-tools-for-stm32.9-2020-q2-update.win32_1.5.0.202011040924/tools/bin/../lib/gcc/arm-none-eabi/9.3.1/../../../../arm-none-eabi/lib/thumb/v7e-m+fp/hard\libc_nano.a(lib_a-findfp.o)
                0x000000000800a498                __sfp_lock_release
 .text.__sinit_lock_acquire
                0x000000000800a4a4        0xc d:/stm32cubeide/stm32cubeide_1.6.1/stm32cubeide/plugins/com.st.stm32cube.ide.mcu.externaltools.gnu-tools-for-stm32.9-2020-q2-update.win32_1.5.0.202011040924/tools/bin/../lib/gcc/arm-none-eabi/9.3.1/../../../../arm-none-eabi/lib/thumb/v7e-m+fp/hard\libc_nano.a(lib_a-findfp.o)
                0x000000000800a4a4                __sinit_lock_acquire
 .text.__sinit_lock_release
                0x000000000800a4b0        0xc d:/stm32cubeide/stm32cubeide_1.6.1/stm32cubeide/plugins/com.st.stm32cube.ide.mcu.externaltools.gnu-tools-for-stm32.9-2020-q2-update.win32_1.5.0.202011040924/tools/bin/../lib/gcc/arm-none-eabi/9.3.1/../../../../arm-none-eabi/lib/thumb/v7e-m+fp/hard\libc_nano.a(lib_a-findfp.o)
                0x000000000800a4b0                __sinit_lock_release
 .text.__sinit  0x000000000800a4bc       0x70 d:/stm32cubeide/stm32cubeide_1.6.1/stm32cubeide/plugins/com.st.stm32cube.ide.mcu.externaltools.gnu-tools-for-stm32.9-2020-q2-update.win32_1.5.0.202011040924/tools/bin/../lib/gcc/arm-none-eabi/9.3.1/../../../../arm-none-eabi/lib/thumb/v7e-m+fp/hard\libc_nano.a(lib_a-findfp.o)
                0x000000000800a4bc                __sinit
 .text.__sfp    0x000000000800a52c       0x8c d:/stm32cubeide/stm32cubeide_1.6.1/stm32cubeide/plugins/com.st.stm32cube.ide.mcu.externaltools.gnu-tools-for-stm32.9-2020-q2-update.win32_1.5.0.202011040924/tools/bin/../lib/gcc/arm-none-eabi/9.3.1/../../../../arm-none-eabi/lib/thumb/v7e-m+fp/hard\libc_nano.a(lib_a-findfp.o)
                0x000000000800a52c                __sfp
 .text._fwalk_reent
                0x000000000800a5b8       0x3e d:/stm32cubeide/stm32cubeide_1.6.1/stm32cubeide/plugins/com.st.stm32cube.ide.mcu.externaltools.gnu-tools-for-stm32.9-2020-q2-update.win32_1.5.0.202011040924/tools/bin/../lib/gcc/arm-none-eabi/9.3.1/../../../../arm-none-eabi/lib/thumb/v7e-m+fp/hard\libc_nano.a(lib_a-fwalk.o)
                0x000000000800a5b8                _fwalk_reent
 .text.__retarget_lock_init_recursive
                0x000000000800a5f6        0x2 d:/stm32cubeide/stm32cubeide_1.6.1/stm32cubeide/plugins/com.st.stm32cube.ide.mcu.externaltools.gnu-tools-for-stm32.9-2020-q2-update.win32_1.5.0.202011040924/tools/bin/../lib/gcc/arm-none-eabi/9.3.1/../../../../arm-none-eabi/lib/thumb/v7e-m+fp/hard\libc_nano.a(lib_a-lock.o)
                0x000000000800a5f6                __retarget_lock_init_recursive
 .text.__retarget_lock_acquire_recursive
                0x000000000800a5f8        0x2 d:/stm32cubeide/stm32cubeide_1.6.1/stm32cubeide/plugins/com.st.stm32cube.ide.mcu.externaltools.gnu-tools-for-stm32.9-2020-q2-update.win32_1.5.0.202011040924/tools/bin/../lib/gcc/arm-none-eabi/9.3.1/../../../../arm-none-eabi/lib/thumb/v7e-m+fp/hard\libc_nano.a(lib_a-lock.o)
                0x000000000800a5f8                __retarget_lock_acquire_recursive
 .text.__retarget_lock_release_recursive
                0x000000000800a5fa        0x2 d:/stm32cubeide/stm32cubeide_1.6.1/stm32cubeide/plugins/com.st.stm32cube.ide.mcu.externaltools.gnu-tools-for-stm32.9-2020-q2-update.win32_1.5.0.202011040924/tools/bin/../lib/gcc/arm-none-eabi/9.3.1/../../../../arm-none-eabi/lib/thumb/v7e-m+fp/hard\libc_nano.a(lib_a-lock.o)
                0x000000000800a5fa                __retarget_lock_release_recursive
 .text.__swhatbuf_r
                0x000000000800a5fc       0x48 d:/stm32cubeide/stm32cubeide_1.6.1/stm32cubeide/plugins/com.st.stm32cube.ide.mcu.externaltools.gnu-tools-for-stm32.9-2020-q2-update.win32_1.5.0.202011040924/tools/bin/../lib/gcc/arm-none-eabi/9.3.1/../../../../arm-none-eabi/lib/thumb/v7e-m+fp/hard\libc_nano.a(lib_a-makebuf.o)
                0x000000000800a5fc                __swhatbuf_r
 .text.__smakebuf_r
                0x000000000800a644       0x80 d:/stm32cubeide/stm32cubeide_1.6.1/stm32cubeide/plugins/com.st.stm32cube.ide.mcu.externaltools.gnu-tools-for-stm32.9-2020-q2-update.win32_1.5.0.202011040924/tools/bin/../lib/gcc/arm-none-eabi/9.3.1/../../../../arm-none-eabi/lib/thumb/v7e-m+fp/hard\libc_nano.a(lib_a-makebuf.o)
                0x000000000800a644                __smakebuf_r
 .text.__malloc_lock
                0x000000000800a6c4        0xc d:/stm32cubeide/stm32cubeide_1.6.1/stm32cubeide/plugins/com.st.stm32cube.ide.mcu.externaltools.gnu-tools-for-stm32.9-2020-q2-update.win32_1.5.0.202011040924/tools/bin/../lib/gcc/arm-none-eabi/9.3.1/../../../../arm-none-eabi/lib/thumb/v7e-m+fp/hard\libc_nano.a(lib_a-mlock.o)
                0x000000000800a6c4                __malloc_lock
 .text.__malloc_unlock
                0x000000000800a6d0        0xc d:/stm32cubeide/stm32cubeide_1.6.1/stm32cubeide/plugins/com.st.stm32cube.ide.mcu.externaltools.gnu-tools-for-stm32.9-2020-q2-update.win32_1.5.0.202011040924/tools/bin/../lib/gcc/arm-none-eabi/9.3.1/../../../../arm-none-eabi/lib/thumb/v7e-m+fp/hard\libc_nano.a(lib_a-mlock.o)
                0x000000000800a6d0                __malloc_unlock
 .text.__sfputc_r
                0x000000000800a6dc       0x2e d:/stm32cubeide/stm32cubeide_1.6.1/stm32cubeide/plugins/com.st.stm32cube.ide.mcu.externaltools.gnu-tools-for-stm32.9-2020-q2-update.win32_1.5.0.202011040924/tools/bin/../lib/gcc/arm-none-eabi/9.3.1/../../../../arm-none-eabi/lib/thumb/v7e-m+fp/hard\libc_nano.a(lib_a-nano-vfprintf.o)
 .text.__sfputs_r
                0x000000000800a70a       0x24 d:/stm32cubeide/stm32cubeide_1.6.1/stm32cubeide/plugins/com.st.stm32cube.ide.mcu.externaltools.gnu-tools-for-stm32.9-2020-q2-update.win32_1.5.0.202011040924/tools/bin/../lib/gcc/arm-none-eabi/9.3.1/../../../../arm-none-eabi/lib/thumb/v7e-m+fp/hard\libc_nano.a(lib_a-nano-vfprintf.o)
                0x000000000800a70a                __sfputs_r
 *fill*         0x000000000800a72e        0x2 
 .text._vfprintf_r
                0x000000000800a730      0x260 d:/stm32cubeide/stm32cubeide_1.6.1/stm32cubeide/plugins/com.st.stm32cube.ide.mcu.externaltools.gnu-tools-for-stm32.9-2020-q2-update.win32_1.5.0.202011040924/tools/bin/../lib/gcc/arm-none-eabi/9.3.1/../../../../arm-none-eabi/lib/thumb/v7e-m+fp/hard\libc_nano.a(lib_a-nano-vfprintf.o)
                0x000000000800a730                _vfprintf_r
                0x000000000800a730                _vfiprintf_r
 .text._printf_common
                0x000000000800a990       0xda d:/stm32cubeide/stm32cubeide_1.6.1/stm32cubeide/plugins/com.st.stm32cube.ide.mcu.externaltools.gnu-tools-for-stm32.9-2020-q2-update.win32_1.5.0.202011040924/tools/bin/../lib/gcc/arm-none-eabi/9.3.1/../../../../arm-none-eabi/lib/thumb/v7e-m+fp/hard\libc_nano.a(lib_a-nano-vfprintf_i.o)
                0x000000000800a990                _printf_common
 *fill*         0x000000000800aa6a        0x2 
 .text._printf_i
                0x000000000800aa6c      0x24c d:/stm32cubeide/stm32cubeide_1.6.1/stm32cubeide/plugins/com.st.stm32cube.ide.mcu.externaltools.gnu-tools-for-stm32.9-2020-q2-update.win32_1.5.0.202011040924/tools/bin/../lib/gcc/arm-none-eabi/9.3.1/../../../../arm-none-eabi/lib/thumb/v7e-m+fp/hard\libc_nano.a(lib_a-nano-vfprintf_i.o)
                0x000000000800aa6c                _printf_i
 .text.__sread  0x000000000800acb8       0x22 d:/stm32cubeide/stm32cubeide_1.6.1/stm32cubeide/plugins/com.st.stm32cube.ide.mcu.externaltools.gnu-tools-for-stm32.9-2020-q2-update.win32_1.5.0.202011040924/tools/bin/../lib/gcc/arm-none-eabi/9.3.1/../../../../arm-none-eabi/lib/thumb/v7e-m+fp/hard\libc_nano.a(lib_a-stdio.o)
                0x000000000800acb8                __sread
 .text.__swrite
                0x000000000800acda       0x38 d:/stm32cubeide/stm32cubeide_1.6.1/stm32cubeide/plugins/com.st.stm32cube.ide.mcu.externaltools.gnu-tools-for-stm32.9-2020-q2-update.win32_1.5.0.202011040924/tools/bin/../lib/gcc/arm-none-eabi/9.3.1/../../../../arm-none-eabi/lib/thumb/v7e-m+fp/hard\libc_nano.a(lib_a-stdio.o)
                0x000000000800acda                __swrite
 .text.__sseek  0x000000000800ad12       0x24 d:/stm32cubeide/stm32cubeide_1.6.1/stm32cubeide/plugins/com.st.stm32cube.ide.mcu.externaltools.gnu-tools-for-stm32.9-2020-q2-update.win32_1.5.0.202011040924/tools/bin/../lib/gcc/arm-none-eabi/9.3.1/../../../../arm-none-eabi/lib/thumb/v7e-m+fp/hard\libc_nano.a(lib_a-stdio.o)
                0x000000000800ad12                __sseek
 .text.__sclose
                0x000000000800ad36        0x8 d:/stm32cubeide/stm32cubeide_1.6.1/stm32cubeide/plugins/com.st.stm32cube.ide.mcu.externaltools.gnu-tools-for-stm32.9-2020-q2-update.win32_1.5.0.202011040924/tools/bin/../lib/gcc/arm-none-eabi/9.3.1/../../../../arm-none-eabi/lib/thumb/v7e-m+fp/hard\libc_nano.a(lib_a-stdio.o)
                0x000000000800ad36                __sclose
 *fill*         0x000000000800ad3e        0x2 
 .text._write_r
                0x000000000800ad40       0x24 d:/stm32cubeide/stm32cubeide_1.6.1/stm32cubeide/plugins/com.st.stm32cube.ide.mcu.externaltools.gnu-tools-for-stm32.9-2020-q2-update.win32_1.5.0.202011040924/tools/bin/../lib/gcc/arm-none-eabi/9.3.1/../../../../arm-none-eabi/lib/thumb/v7e-m+fp/hard\libc_nano.a(lib_a-writer.o)
                0x000000000800ad40                _write_r
 .text._close_r
                0x000000000800ad64       0x20 d:/stm32cubeide/stm32cubeide_1.6.1/stm32cubeide/plugins/com.st.stm32cube.ide.mcu.externaltools.gnu-tools-for-stm32.9-2020-q2-update.win32_1.5.0.202011040924/tools/bin/../lib/gcc/arm-none-eabi/9.3.1/../../../../arm-none-eabi/lib/thumb/v7e-m+fp/hard\libc_nano.a(lib_a-closer.o)
                0x000000000800ad64                _close_r
 .text._fstat_r
                0x000000000800ad84       0x24 d:/stm32cubeide/stm32cubeide_1.6.1/stm32cubeide/plugins/com.st.stm32cube.ide.mcu.externaltools.gnu-tools-for-stm32.9-2020-q2-update.win32_1.5.0.202011040924/tools/bin/../lib/gcc/arm-none-eabi/9.3.1/../../../../arm-none-eabi/lib/thumb/v7e-m+fp/hard\libc_nano.a(lib_a-fstatr.o)
                0x000000000800ad84                _fstat_r
 .text._isatty_r
                0x000000000800ada8       0x20 d:/stm32cubeide/stm32cubeide_1.6.1/stm32cubeide/plugins/com.st.stm32cube.ide.mcu.externaltools.gnu-tools-for-stm32.9-2020-q2-update.win32_1.5.0.202011040924/tools/bin/../lib/gcc/arm-none-eabi/9.3.1/../../../../arm-none-eabi/lib/thumb/v7e-m+fp/hard\libc_nano.a(lib_a-isattyr.o)
                0x000000000800ada8                _isatty_r
 .text._lseek_r
                0x000000000800adc8       0x24 d:/stm32cubeide/stm32cubeide_1.6.1/stm32cubeide/plugins/com.st.stm32cube.ide.mcu.externaltools.gnu-tools-for-stm32.9-2020-q2-update.win32_1.5.0.202011040924/tools/bin/../lib/gcc/arm-none-eabi/9.3.1/../../../../arm-none-eabi/lib/thumb/v7e-m+fp/hard\libc_nano.a(lib_a-lseekr.o)
                0x000000000800adc8                _lseek_r
 .text._read_r  0x000000000800adec       0x24 d:/stm32cubeide/stm32cubeide_1.6.1/stm32cubeide/plugins/com.st.stm32cube.ide.mcu.externaltools.gnu-tools-for-stm32.9-2020-q2-update.win32_1.5.0.202011040924/tools/bin/../lib/gcc/arm-none-eabi/9.3.1/../../../../arm-none-eabi/lib/thumb/v7e-m+fp/hard\libc_nano.a(lib_a-readr.o)
                0x000000000800adec                _read_r
 .text.expf     0x000000000800ae10       0x7c d:/stm32cubeide/stm32cubeide_1.6.1/stm32cubeide/plugins/com.st.stm32cube.ide.mcu.externaltools.gnu-tools-for-stm32.9-2020-q2-update.win32_1.5.0.202011040924/tools/bin/../lib/gcc/arm-none-eabi/9.3.1/../../../../arm-none-eabi/lib/thumb/v7e-m+fp/hard\libm.a(lib_a-wf_exp.o)
                0x000000000800ae10                expf
 .text.log10f   0x000000000800ae8c       0x6c d:/stm32cubeide/stm32cubeide_1.6.1/stm32cubeide/plugins/com.st.stm32cube.ide.mcu.externaltools.gnu-tools-for-stm32.9-2020-q2-update.win32_1.5.0.202011040924/tools/bin/../lib/gcc/arm-none-eabi/9.3.1/../../../../arm-none-eabi/lib/thumb/v7e-m+fp/hard\libm.a(lib_a-wf_log10.o)
                0x000000000800ae8c                log10f
 .text.sqrtf    0x000000000800aef8       0x4c d:/stm32cubeide/stm32cubeide_1.6.1/stm32cubeide/plugins/com.st.stm32cube.ide.mcu.externaltools.gnu-tools-for-stm32.9-2020-q2-update.win32_1.5.0.202011040924/tools/bin/../lib/gcc/arm-none-eabi/9.3.1/../../../../arm-none-eabi/lib/thumb/v7e-m+fp/hard\libm.a(lib_a-wf_sqrt.o)
                0x000000000800aef8                sqrtf
 .text.__ieee754_expf
                0x000000000800af44      0x1a8 d:/stm32cubeide/stm32cubeide_1.6.1/stm32cubeide/plugins/com.st.stm32cube.ide.mcu.externaltools.gnu-tools-for-stm32.9-2020-q2-update.win32_1.5.0.202011040924/tools/bin/../lib/gcc/arm-none-eabi/9.3.1/../../../../arm-none-eabi/lib/thumb/v7e-m+fp/hard\libm.a(lib_a-ef_exp.o)
                0x000000000800af44                __ieee754_expf
 .text.__ieee754_logf
                0x000000000800b0ec      0x1e0 d:/stm32cubeide/stm32cubeide_1.6.1/stm32cubeide/plugins/com.st.stm32cube.ide.mcu.externaltools.gnu-tools-for-stm32.9-2020-q2-update.win32_1.5.0.202011040924/tools/bin/../lib/gcc/arm-none-eabi/9.3.1/../../../../arm-none-eabi/lib/thumb/v7e-m+fp/hard\libm.a(lib_a-ef_log.o)
                0x000000000800b0ec                __ieee754_logf
 .text.__ieee754_log10f
                0x000000000800b2cc       0xb0 d:/stm32cubeide/stm32cubeide_1.6.1/stm32cubeide/plugins/com.st.stm32cube.ide.mcu.externaltools.gnu-tools-for-stm32.9-2020-q2-update.win32_1.5.0.202011040924/tools/bin/../lib/gcc/arm-none-eabi/9.3.1/../../../../arm-none-eabi/lib/thumb/v7e-m+fp/hard\libm.a(lib_a-ef_log10.o)
                0x000000000800b2cc                __ieee754_log10f
 .text.__ieee754_sqrtf
                0x000000000800b37c        0x6 d:/stm32cubeide/stm32cubeide_1.6.1/stm32cubeide/plugins/com.st.stm32cube.ide.mcu.externaltools.gnu-tools-for-stm32.9-2020-q2-update.win32_1.5.0.202011040924/tools/bin/../lib/gcc/arm-none-eabi/9.3.1/../../../../arm-none-eabi/lib/thumb/v7e-m+fp/hard\libm.a(lib_a-ef_sqrt.o)
                0x000000000800b37c                __ieee754_sqrtf
 .text.finitef  0x000000000800b382       0x1a d:/stm32cubeide/stm32cubeide_1.6.1/stm32cubeide/plugins/com.st.stm32cube.ide.mcu.externaltools.gnu-tools-for-stm32.9-2020-q2-update.win32_1.5.0.202011040924/tools/bin/../lib/gcc/arm-none-eabi/9.3.1/../../../../arm-none-eabi/lib/thumb/v7e-m+fp/hard\libm.a(lib_a-sf_finite.o)
                0x000000000800b382                finitef
 .text.nanf     0x000000000800b39c        0xc d:/stm32cubeide/stm32cubeide_1.6.1/stm32cubeide/plugins/com.st.stm32cube.ide.mcu.externaltools.gnu-tools-for-stm32.9-2020-q2-update.win32_1.5.0.202011040924/tools/bin/../lib/gcc/arm-none-eabi/9.3.1/../../../../arm-none-eabi/lib/thumb/v7e-m+fp/hard\libm.a(lib_a-sf_nan.o)
                0x000000000800b39c                nanf
 *(.glue_7)
 .glue_7        0x000000000800b3a8        0x0 linker stubs
 *(.glue_7t)
 .glue_7t       0x000000000800b3a8        0x0 linker stubs
 *(.eh_frame)
 .eh_frame      0x000000000800b3a8        0x0 d:/stm32cubeide/stm32cubeide_1.6.1/stm32cubeide/plugins/com.st.stm32cube.ide.mcu.externaltools.gnu-tools-for-stm32.9-2020-q2-update.win32_1.5.0.202011040924/tools/bin/../lib/gcc/arm-none-eabi/9.3.1/thumb/v7e-m+fp/hard/crtbegin.o
 *(.init)
 .init          0x000000000800b3a8        0x4 d:/stm32cubeide/stm32cubeide_1.6.1/stm32cubeide/plugins/com.st.stm32cube.ide.mcu.externaltools.gnu-tools-for-stm32.9-2020-q2-update.win32_1.5.0.202011040924/tools/bin/../lib/gcc/arm-none-eabi/9.3.1/thumb/v7e-m+fp/hard/crti.o
                0x000000000800b3a8                _init
 .init          0x000000000800b3ac        0x8 d:/stm32cubeide/stm32cubeide_1.6.1/stm32cubeide/plugins/com.st.stm32cube.ide.mcu.externaltools.gnu-tools-for-stm32.9-2020-q2-update.win32_1.5.0.202011040924/tools/bin/../lib/gcc/arm-none-eabi/9.3.1/thumb/v7e-m+fp/hard/crtn.o
 *(.fini)
 .fini          0x000000000800b3b4        0x4 d:/stm32cubeide/stm32cubeide_1.6.1/stm32cubeide/plugins/com.st.stm32cube.ide.mcu.externaltools.gnu-tools-for-stm32.9-2020-q2-update.win32_1.5.0.202011040924/tools/bin/../lib/gcc/arm-none-eabi/9.3.1/thumb/v7e-m+fp/hard/crti.o
                0x000000000800b3b4                _fini
 .fini          0x000000000800b3b8        0x8 d:/stm32cubeide/stm32cubeide_1.6.1/stm32cubeide/plugins/com.st.stm32cube.ide.mcu.externaltools.gnu-tools-for-stm32.9-2020-q2-update.win32_1.5.0.202011040924/tools/bin/../lib/gcc/arm-none-eabi/9.3.1/thumb/v7e-m+fp/hard/crtn.o
                0x000000000800b3c0                . = ALIGN (0x4)
                0x000000000800b3c0                _etext = .

.vfp11_veneer   0x000000000800b3c0        0x0
 .vfp11_veneer  0x000000000800b3c0        0x0 linker stubs

.v4_bx          0x000000000800b3c0        0x0
 .v4_bx         0x000000000800b3c0        0x0 linker stubs

.iplt           0x000000000800b3c0        0x0
 .iplt          0x000000000800b3c0        0x0 d:/stm32cubeide/stm32cubeide_1.6.1/stm32cubeide/plugins/com.st.stm32cube.ide.mcu.externaltools.gnu-tools-for-stm32.9-2020-q2-update.win32_1.5.0.202011040924/tools/bin/../lib/gcc/arm-none-eabi/9.3.1/thumb/v7e-m+fp/hard/crtbegin.o

.rodata         0x000000000800b3c0    0x25e44
                0x000000000800b3c0                . = ALIGN (0x4)
 *(.rodata)
 .rodata        0x000000000800b3c0      0x16b X-CUBE-AI/App/app_x-cube-ai.o
 *fill*         0x000000000800b52b        0x1 
 .rodata        0x000000000800b52c       0x6c X-CUBE-AI/App/network.o
 .rodata        0x000000000800b598        0x4 ../Middlewares/ST/AI/Lib\NetworkRuntime520_CM7_GCC.a(layers.o)
 *(.rodata*)
 .rodata.AHBPrescTable
                0x000000000800b59c       0x10 Core/Src/system_stm32f7xx.o
                0x000000000800b59c                AHBPrescTable
 .rodata.flagBitshiftOffset.8901
                0x000000000800b5ac        0x8 Drivers/STM32F7xx_HAL_Driver/Src/stm32f7xx_hal_dma.o
 .rodata.hannWin_1024
                0x000000000800b5b4     0x1000 Drivers/STM32_AI_AudioPreprocessing_Library/Src/common_tables.o
                0x000000000800b5b4                hannWin_1024
 .rodata.melFiltersStartIndices_1024_30
                0x000000000800c5b4       0x78 Drivers/STM32_AI_AudioPreprocessing_Library/Src/common_tables.o
                0x000000000800c5b4                melFiltersStartIndices_1024_30
 .rodata.melFiltersStopIndices_1024_30
                0x000000000800c62c       0x78 Drivers/STM32_AI_AudioPreprocessing_Library/Src/common_tables.o
                0x000000000800c62c                melFiltersStopIndices_1024_30
 .rodata.melFilterLut_1024_30
                0x000000000800c6a4      0xf20 Drivers/STM32_AI_AudioPreprocessing_Library/Src/common_tables.o
                0x000000000800c6a4                melFilterLut_1024_30
 .rodata.conv2d_1_chain
                0x000000000800d5c4        0x8 X-CUBE-AI/App/network.o
 .rodata.conv2d_2_chain
                0x000000000800d5cc        0x8 X-CUBE-AI/App/network.o
 .rodata.batch_normalization_2_chain
                0x000000000800d5d4        0x8 X-CUBE-AI/App/network.o
 .rodata.max_pooling2d_1_chain
                0x000000000800d5dc        0x8 X-CUBE-AI/App/network.o
 .rodata.conv2d_3_chain
                0x000000000800d5e4        0x8 X-CUBE-AI/App/network.o
 .rodata.conv2d_4_chain
                0x000000000800d5ec        0x8 X-CUBE-AI/App/network.o
 .rodata.batch_normalization_4_chain
                0x000000000800d5f4        0x8 X-CUBE-AI/App/network.o
 .rodata.global_max_pooling2d_1_chain
                0x000000000800d5fc        0x8 X-CUBE-AI/App/network.o
 .rodata.dense_1_chain
                0x000000000800d604        0x8 X-CUBE-AI/App/network.o
 .rodata.dense_1_nl_chain
                0x000000000800d60c        0x8 X-CUBE-AI/App/network.o
 .rodata.conv2d_1_nl_params_data
                0x000000000800d614        0xc X-CUBE-AI/App/network.o
 .rodata.conv2d_1_nl_params
                0x000000000800d620       0x10 X-CUBE-AI/App/network.o
 .rodata.conv2d_2_nl_params_data
                0x000000000800d630        0xc X-CUBE-AI/App/network.o
 .rodata.conv2d_2_nl_params
                0x000000000800d63c       0x10 X-CUBE-AI/App/network.o
 .rodata.conv2d_3_nl_params_data
                0x000000000800d64c        0xc X-CUBE-AI/App/network.o
 .rodata.conv2d_3_nl_params
                0x000000000800d658       0x10 X-CUBE-AI/App/network.o
 .rodata.conv2d_4_nl_params_data
                0x000000000800d668        0xc X-CUBE-AI/App/network.o
 .rodata.conv2d_4_nl_params
                0x000000000800d674       0x10 X-CUBE-AI/App/network.o
 .rodata.s_network_weights.5787
                0x000000000800d684    0x10668 X-CUBE-AI/App/network_data.o
 .rodata.twiddleCoef_2048
                0x000000000801dcec     0x4000 ../libs\libarm_cortexM7lfdp_math.a(arm_common_tables.o)
                0x000000000801dcec                twiddleCoef_2048
 .rodata.twiddleCoef_rfft_64
                0x0000000008021cec      0x100 ../libs\libarm_cortexM7lfdp_math.a(arm_common_tables.o)
                0x0000000008021cec                twiddleCoef_rfft_64
 .rodata.armBitRevIndexTable64
                0x0000000008021dec       0x70 ../libs\libarm_cortexM7lfdp_math.a(arm_common_tables.o)
                0x0000000008021dec                armBitRevIndexTable64
 .rodata.twiddleCoef_rfft_2048
                0x0000000008021e5c     0x2000 ../libs\libarm_cortexM7lfdp_math.a(arm_common_tables.o)
                0x0000000008021e5c                twiddleCoef_rfft_2048
 .rodata.twiddleCoef_rfft_4096
                0x0000000008023e5c     0x4000 ../libs\libarm_cortexM7lfdp_math.a(arm_common_tables.o)
                0x0000000008023e5c                twiddleCoef_rfft_4096
 .rodata.twiddleCoef_256
                0x0000000008027e5c      0x800 ../libs\libarm_cortexM7lfdp_math.a(arm_common_tables.o)
                0x0000000008027e5c                twiddleCoef_256
 .rodata.twiddleCoef_16
                0x000000000802865c       0x80 ../libs\libarm_cortexM7lfdp_math.a(arm_common_tables.o)
                0x000000000802865c                twiddleCoef_16
 .rodata.twiddleCoef_1024
                0x00000000080286dc     0x2000 ../libs\libarm_cortexM7lfdp_math.a(arm_common_tables.o)
                0x00000000080286dc                twiddleCoef_1024
 .rodata.twiddleCoef_32
                0x000000000802a6dc      0x100 ../libs\libarm_cortexM7lfdp_math.a(arm_common_tables.o)
                0x000000000802a6dc                twiddleCoef_32
 .rodata.armBitRevIndexTable1024
                0x000000000802a7dc      0xe10 ../libs\libarm_cortexM7lfdp_math.a(arm_common_tables.o)
                0x000000000802a7dc                armBitRevIndexTable1024
 .rodata.armBitRevIndexTable16
                0x000000000802b5ec       0x28 ../libs\libarm_cortexM7lfdp_math.a(arm_common_tables.o)
                0x000000000802b5ec                armBitRevIndexTable16
 .rodata.twiddleCoef_rfft_32
                0x000000000802b614       0x80 ../libs\libarm_cortexM7lfdp_math.a(arm_common_tables.o)
                0x000000000802b614                twiddleCoef_rfft_32
 .rodata.armBitRevIndexTable32
                0x000000000802b694       0x60 ../libs\libarm_cortexM7lfdp_math.a(arm_common_tables.o)
                0x000000000802b694                armBitRevIndexTable32
 .rodata.twiddleCoef_128
                0x000000000802b6f4      0x400 ../libs\libarm_cortexM7lfdp_math.a(arm_common_tables.o)
                0x000000000802b6f4                twiddleCoef_128
 .rodata.twiddleCoef_512
                0x000000000802baf4     0x1000 ../libs\libarm_cortexM7lfdp_math.a(arm_common_tables.o)
                0x000000000802baf4                twiddleCoef_512
 .rodata.armBitRevIndexTable2048
                0x000000000802caf4     0x1dc0 ../libs\libarm_cortexM7lfdp_math.a(arm_common_tables.o)
                0x000000000802caf4                armBitRevIndexTable2048
 .rodata.twiddleCoef_64
                0x000000000802e8b4      0x200 ../libs\libarm_cortexM7lfdp_math.a(arm_common_tables.o)
                0x000000000802e8b4                twiddleCoef_64
 .rodata.twiddleCoef_rfft_512
                0x000000000802eab4      0x800 ../libs\libarm_cortexM7lfdp_math.a(arm_common_tables.o)
                0x000000000802eab4                twiddleCoef_rfft_512
 .rodata.armBitRevIndexTable512
                0x000000000802f2b4      0x380 ../libs\libarm_cortexM7lfdp_math.a(arm_common_tables.o)
                0x000000000802f2b4                armBitRevIndexTable512
 .rodata.twiddleCoef_rfft_1024
                0x000000000802f634     0x1000 ../libs\libarm_cortexM7lfdp_math.a(arm_common_tables.o)
                0x000000000802f634                twiddleCoef_rfft_1024
 .rodata.twiddleCoef_rfft_256
                0x0000000008030634      0x400 ../libs\libarm_cortexM7lfdp_math.a(arm_common_tables.o)
                0x0000000008030634                twiddleCoef_rfft_256
 .rodata.armBitRevIndexTable256
                0x0000000008030a34      0x370 ../libs\libarm_cortexM7lfdp_math.a(arm_common_tables.o)
                0x0000000008030a34                armBitRevIndexTable256
 .rodata.twiddleCoef_rfft_128
                0x0000000008030da4      0x200 ../libs\libarm_cortexM7lfdp_math.a(arm_common_tables.o)
                0x0000000008030da4                twiddleCoef_rfft_128
 .rodata.armBitRevIndexTable128
                0x0000000008030fa4      0x1a0 ../libs\libarm_cortexM7lfdp_math.a(arm_common_tables.o)
                0x0000000008030fa4                armBitRevIndexTable128
 .rodata.ai_platform_runtime_get_revision.str1.4
                0x0000000008031144        0x1 ../Middlewares/ST/AI/Lib\NetworkRuntime520_CM7_GCC.a(ai_platform_interface.o)
 *fill*         0x0000000008031145        0x3 
 .rodata.v.8531
                0x0000000008031148        0x4 ../Middlewares/ST/AI/Lib\NetworkRuntime520_CM7_GCC.a(ai_platform_interface.o)
 .rodata.v.8535
                0x000000000803114c        0x4 ../Middlewares/ST/AI/Lib\NetworkRuntime520_CM7_GCC.a(ai_platform_interface.o)
 .rodata.v.8539
                0x0000000008031150        0x4 ../Middlewares/ST/AI/Lib\NetworkRuntime520_CM7_GCC.a(ai_platform_interface.o)
 .rodata._global_impure_ptr
                0x0000000008031154        0x4 d:/stm32cubeide/stm32cubeide_1.6.1/stm32cubeide/plugins/com.st.stm32cube.ide.mcu.externaltools.gnu-tools-for-stm32.9-2020-q2-update.win32_1.5.0.202011040924/tools/bin/../lib/gcc/arm-none-eabi/9.3.1/../../../../arm-none-eabi/lib/thumb/v7e-m+fp/hard\libc_nano.a(lib_a-impure.o)
                0x0000000008031154                _global_impure_ptr
 .rodata.__sf_fake_stderr
                0x0000000008031158       0x20 d:/stm32cubeide/stm32cubeide_1.6.1/stm32cubeide/plugins/com.st.stm32cube.ide.mcu.externaltools.gnu-tools-for-stm32.9-2020-q2-update.win32_1.5.0.202011040924/tools/bin/../lib/gcc/arm-none-eabi/9.3.1/../../../../arm-none-eabi/lib/thumb/v7e-m+fp/hard\libc_nano.a(lib_a-findfp.o)
                0x0000000008031158                __sf_fake_stderr
 .rodata.__sf_fake_stdin
                0x0000000008031178       0x20 d:/stm32cubeide/stm32cubeide_1.6.1/stm32cubeide/plugins/com.st.stm32cube.ide.mcu.externaltools.gnu-tools-for-stm32.9-2020-q2-update.win32_1.5.0.202011040924/tools/bin/../lib/gcc/arm-none-eabi/9.3.1/../../../../arm-none-eabi/lib/thumb/v7e-m+fp/hard\libc_nano.a(lib_a-findfp.o)
                0x0000000008031178                __sf_fake_stdin
 .rodata.__sf_fake_stdout
                0x0000000008031198       0x20 d:/stm32cubeide/stm32cubeide_1.6.1/stm32cubeide/plugins/com.st.stm32cube.ide.mcu.externaltools.gnu-tools-for-stm32.9-2020-q2-update.win32_1.5.0.202011040924/tools/bin/../lib/gcc/arm-none-eabi/9.3.1/../../../../arm-none-eabi/lib/thumb/v7e-m+fp/hard\libc_nano.a(lib_a-findfp.o)
                0x0000000008031198                __sf_fake_stdout
 .rodata._vfprintf_r.str1.1
                0x00000000080311b8       0x11 d:/stm32cubeide/stm32cubeide_1.6.1/stm32cubeide/plugins/com.st.stm32cube.ide.mcu.externaltools.gnu-tools-for-stm32.9-2020-q2-update.win32_1.5.0.202011040924/tools/bin/../lib/gcc/arm-none-eabi/9.3.1/../../../../arm-none-eabi/lib/thumb/v7e-m+fp/hard\libc_nano.a(lib_a-nano-vfprintf.o)
 .rodata._printf_i.str1.1
                0x00000000080311c9       0x22 d:/stm32cubeide/stm32cubeide_1.6.1/stm32cubeide/plugins/com.st.stm32cube.ide.mcu.externaltools.gnu-tools-for-stm32.9-2020-q2-update.win32_1.5.0.202011040924/tools/bin/../lib/gcc/arm-none-eabi/9.3.1/../../../../arm-none-eabi/lib/thumb/v7e-m+fp/hard\libc_nano.a(lib_a-nano-vfprintf_i.o)
 .rodata.log10f.str1.1
                0x00000000080311eb       0x22 d:/stm32cubeide/stm32cubeide_1.6.1/stm32cubeide/plugins/com.st.stm32cube.ide.mcu.externaltools.gnu-tools-for-stm32.9-2020-q2-update.win32_1.5.0.202011040924/tools/bin/../lib/gcc/arm-none-eabi/9.3.1/../../../../arm-none-eabi/lib/thumb/v7e-m+fp/hard\libm.a(lib_a-wf_log10.o)
                                          0x1 (size before relaxing)
 *fill*         0x00000000080311eb        0x1 
 .rodata.halF   0x00000000080311ec        0x8 d:/stm32cubeide/stm32cubeide_1.6.1/stm32cubeide/plugins/com.st.stm32cube.ide.mcu.externaltools.gnu-tools-for-stm32.9-2020-q2-update.win32_1.5.0.202011040924/tools/bin/../lib/gcc/arm-none-eabi/9.3.1/../../../../arm-none-eabi/lib/thumb/v7e-m+fp/hard\libm.a(lib_a-ef_exp.o)
 .rodata.ln2HI  0x00000000080311f4        0x8 d:/stm32cubeide/stm32cubeide_1.6.1/stm32cubeide/plugins/com.st.stm32cube.ide.mcu.externaltools.gnu-tools-for-stm32.9-2020-q2-update.win32_1.5.0.202011040924/tools/bin/../lib/gcc/arm-none-eabi/9.3.1/../../../../arm-none-eabi/lib/thumb/v7e-m+fp/hard\libm.a(lib_a-ef_exp.o)
 .rodata.ln2LO  0x00000000080311fc        0x8 d:/stm32cubeide/stm32cubeide_1.6.1/stm32cubeide/plugins/com.st.stm32cube.ide.mcu.externaltools.gnu-tools-for-stm32.9-2020-q2-update.win32_1.5.0.202011040924/tools/bin/../lib/gcc/arm-none-eabi/9.3.1/../../../../arm-none-eabi/lib/thumb/v7e-m+fp/hard\libm.a(lib_a-ef_exp.o)
                0x0000000008031204                . = ALIGN (0x4)

.ARM.extab      0x0000000008031204        0x0
                0x0000000008031204                . = ALIGN (0x4)
 *(.ARM.extab* .gnu.linkonce.armextab.*)
                0x0000000008031204                . = ALIGN (0x4)

.ARM            0x0000000008031204        0x8
                0x0000000008031204                . = ALIGN (0x4)
                0x0000000008031204                __exidx_start = .
 *(.ARM.exidx*)
 .ARM.exidx     0x0000000008031204        0x8 d:/stm32cubeide/stm32cubeide_1.6.1/stm32cubeide/plugins/com.st.stm32cube.ide.mcu.externaltools.gnu-tools-for-stm32.9-2020-q2-update.win32_1.5.0.202011040924/tools/bin/../lib/gcc/arm-none-eabi/9.3.1/thumb/v7e-m+fp/hard\libgcc.a(_udivmoddi4.o)
                0x000000000803120c                __exidx_end = .
                0x000000000803120c                . = ALIGN (0x4)

.rel.dyn        0x000000000803120c        0x0
 .rel.iplt      0x000000000803120c        0x0 d:/stm32cubeide/stm32cubeide_1.6.1/stm32cubeide/plugins/com.st.stm32cube.ide.mcu.externaltools.gnu-tools-for-stm32.9-2020-q2-update.win32_1.5.0.202011040924/tools/bin/../lib/gcc/arm-none-eabi/9.3.1/thumb/v7e-m+fp/hard/crtbegin.o

.preinit_array  0x000000000803120c        0x0
                0x000000000803120c                . = ALIGN (0x4)
                0x000000000803120c                PROVIDE (__preinit_array_start = .)
 *(.preinit_array*)
                0x000000000803120c                PROVIDE (__preinit_array_end = .)
                0x000000000803120c                . = ALIGN (0x4)

.init_array     0x000000000803120c        0x4
                0x000000000803120c                . = ALIGN (0x4)
                0x000000000803120c                PROVIDE (__init_array_start = .)
 *(SORT_BY_NAME(.init_array.*))
 *(.init_array*)
 .init_array    0x000000000803120c        0x4 d:/stm32cubeide/stm32cubeide_1.6.1/stm32cubeide/plugins/com.st.stm32cube.ide.mcu.externaltools.gnu-tools-for-stm32.9-2020-q2-update.win32_1.5.0.202011040924/tools/bin/../lib/gcc/arm-none-eabi/9.3.1/thumb/v7e-m+fp/hard/crtbegin.o
                0x0000000008031210                PROVIDE (__init_array_end = .)
                0x0000000008031210                . = ALIGN (0x4)

.fini_array     0x0000000008031210        0x4
                0x0000000008031210                . = ALIGN (0x4)
                [!provide]                        PROVIDE (__fini_array_start = .)
 *(SORT_BY_NAME(.fini_array.*))
 *(.fini_array*)
 .fini_array    0x0000000008031210        0x4 d:/stm32cubeide/stm32cubeide_1.6.1/stm32cubeide/plugins/com.st.stm32cube.ide.mcu.externaltools.gnu-tools-for-stm32.9-2020-q2-update.win32_1.5.0.202011040924/tools/bin/../lib/gcc/arm-none-eabi/9.3.1/thumb/v7e-m+fp/hard/crtbegin.o
                [!provide]                        PROVIDE (__fini_array_end = .)
                0x0000000008031214                . = ALIGN (0x4)
                0x0000000008031214                _sidata = LOADADDR (.data)

.data           0x0000000020000000      0xf34 load address 0x0000000008031214
                0x0000000020000000                . = ALIGN (0x4)
                0x0000000020000000                _sdata = .
 *(.data)
 *(.data*)
 .data.us       0x0000000020000000        0x4 Core/Src/main.o
                0x0000000020000000                us
 .data.maychieu
                0x0000000020000004       0x86 Core/Src/main.o
                0x0000000020000004                maychieu
 *fill*         0x000000002000008a        0x2 
 .data.dieuhoa  0x000000002000008c      0x1fa Core/Src/main.o
                0x000000002000008c                dieuhoa
 *fill*         0x0000000020000286        0x2 
 .data.SystemCoreClock
                0x0000000020000288        0x4 Core/Src/system_stm32f7xx.o
                0x0000000020000288                SystemCoreClock
 .data.uwTickPrio
                0x000000002000028c        0x4 Drivers/STM32F7xx_HAL_Driver/Src/stm32f7xx_hal.o
                0x000000002000028c                uwTickPrio
 .data.uwTickFreq
                0x0000000020000290        0x1 Drivers/STM32F7xx_HAL_Driver/Src/stm32f7xx_hal.o
                0x0000000020000290                uwTickFreq
 *fill*         0x0000000020000291        0x3 
 .data.g_network
                0x0000000020000294       0x60 X-CUBE-AI/App/network.o
 .data.dense_1_bias_array
                0x00000000200002f4       0x10 X-CUBE-AI/App/network.o
 .data.dense_1_weights_array
                0x0000000020000304       0x10 X-CUBE-AI/App/network.o
 .data.batch_normalization_4_bias_array
                0x0000000020000314       0x10 X-CUBE-AI/App/network.o
 .data.batch_normalization_4_scale_array
                0x0000000020000324       0x10 X-CUBE-AI/App/network.o
 .data.conv2d_4_bias_array
                0x0000000020000334       0x10 X-CUBE-AI/App/network.o
 .data.conv2d_4_weights_array
                0x0000000020000344       0x10 X-CUBE-AI/App/network.o
 .data.conv2d_3_bias_array
                0x0000000020000354       0x10 X-CUBE-AI/App/network.o
 .data.conv2d_3_weights_array
                0x0000000020000364       0x10 X-CUBE-AI/App/network.o
 .data.batch_normalization_2_bias_array
                0x0000000020000374       0x10 X-CUBE-AI/App/network.o
 .data.batch_normalization_2_scale_array
                0x0000000020000384       0x10 X-CUBE-AI/App/network.o
 .data.conv2d_2_bias_array
                0x0000000020000394       0x10 X-CUBE-AI/App/network.o
 .data.conv2d_2_weights_array
                0x00000000200003a4       0x10 X-CUBE-AI/App/network.o
 .data.conv2d_1_bias_array
                0x00000000200003b4       0x10 X-CUBE-AI/App/network.o
 .data.conv2d_1_weights_array
                0x00000000200003c4       0x10 X-CUBE-AI/App/network.o
 .data.input_0_output_array
                0x00000000200003d4       0x10 X-CUBE-AI/App/network.o
 .data.conv2d_1_output_array
                0x00000000200003e4       0x10 X-CUBE-AI/App/network.o
 .data.conv2d_2_output_array
                0x00000000200003f4       0x10 X-CUBE-AI/App/network.o
 .data.batch_normalization_2_output_array
                0x0000000020000404       0x10 X-CUBE-AI/App/network.o
 .data.max_pooling2d_1_output_array
                0x0000000020000414       0x10 X-CUBE-AI/App/network.o
 .data.conv2d_3_output_array
                0x0000000020000424       0x10 X-CUBE-AI/App/network.o
 .data.conv2d_4_output_array
                0x0000000020000434       0x10 X-CUBE-AI/App/network.o
 .data.batch_normalization_4_output_array
                0x0000000020000444       0x10 X-CUBE-AI/App/network.o
 .data.global_max_pooling2d_1_output_array
                0x0000000020000454       0x10 X-CUBE-AI/App/network.o
 .data.dense_1_output_array
                0x0000000020000464       0x10 X-CUBE-AI/App/network.o
 .data.dense_1_nl_output_array
                0x0000000020000474       0x10 X-CUBE-AI/App/network.o
 .data.dense_1_bias
                0x0000000020000484       0x1c X-CUBE-AI/App/network.o
 .data.dense_1_weights
                0x00000000200004a0       0x1c X-CUBE-AI/App/network.o
 .data.batch_normalization_4_bias
                0x00000000200004bc       0x1c X-CUBE-AI/App/network.o
 .data.batch_normalization_4_scale
                0x00000000200004d8       0x1c X-CUBE-AI/App/network.o
 .data.conv2d_4_bias
                0x00000000200004f4       0x1c X-CUBE-AI/App/network.o
 .data.conv2d_4_weights
                0x0000000020000510       0x1c X-CUBE-AI/App/network.o
 .data.conv2d_3_bias
                0x000000002000052c       0x1c X-CUBE-AI/App/network.o
 .data.conv2d_3_weights
                0x0000000020000548       0x1c X-CUBE-AI/App/network.o
 .data.batch_normalization_2_bias
                0x0000000020000564       0x1c X-CUBE-AI/App/network.o
 .data.batch_normalization_2_scale
                0x0000000020000580       0x1c X-CUBE-AI/App/network.o
 .data.conv2d_2_bias
                0x000000002000059c       0x1c X-CUBE-AI/App/network.o
 .data.conv2d_2_weights
                0x00000000200005b8       0x1c X-CUBE-AI/App/network.o
 .data.conv2d_1_bias
                0x00000000200005d4       0x1c X-CUBE-AI/App/network.o
 .data.conv2d_1_weights
                0x00000000200005f0       0x1c X-CUBE-AI/App/network.o
 .data.input_0_output
                0x000000002000060c       0x1c X-CUBE-AI/App/network.o
 .data.conv2d_1_output
                0x0000000020000628       0x1c X-CUBE-AI/App/network.o
 .data.conv2d_2_output
                0x0000000020000644       0x1c X-CUBE-AI/App/network.o
 .data.batch_normalization_2_output
                0x0000000020000660       0x1c X-CUBE-AI/App/network.o
 .data.max_pooling2d_1_output
                0x000000002000067c       0x1c X-CUBE-AI/App/network.o
 .data.conv2d_3_output
                0x0000000020000698       0x1c X-CUBE-AI/App/network.o
 .data.conv2d_4_output
                0x00000000200006b4       0x1c X-CUBE-AI/App/network.o
 .data.batch_normalization_4_output
                0x00000000200006d0       0x1c X-CUBE-AI/App/network.o
 .data.global_max_pooling2d_1_output
                0x00000000200006ec       0x1c X-CUBE-AI/App/network.o
 .data.dense_1_output
                0x0000000020000708       0x1c X-CUBE-AI/App/network.o
 .data.dense_1_nl_output
                0x0000000020000724       0x1c X-CUBE-AI/App/network.o
 .data.conv2d_1_layer
                0x0000000020000740       0x3c X-CUBE-AI/App/network.o
 .data.conv2d_2_layer
                0x000000002000077c       0x3c X-CUBE-AI/App/network.o
 .data.batch_normalization_2_layer
                0x00000000200007b8       0x18 X-CUBE-AI/App/network.o
 .data.max_pooling2d_1_layer
                0x00000000200007d0       0x34 X-CUBE-AI/App/network.o
 .data.conv2d_3_layer
                0x0000000020000804       0x3c X-CUBE-AI/App/network.o
 .data.conv2d_4_layer
                0x0000000020000840       0x3c X-CUBE-AI/App/network.o
 .data.batch_normalization_4_layer
                0x000000002000087c       0x18 X-CUBE-AI/App/network.o
 .data.global_max_pooling2d_1_layer
                0x0000000020000894       0x34 X-CUBE-AI/App/network.o
 .data.dense_1_layer
                0x00000000200008c8       0x18 X-CUBE-AI/App/network.o
 .data.dense_1_nl_layer
                0x00000000200008e0       0x1c X-CUBE-AI/App/network.o
 .data.__compound_literal.0
                0x00000000200008fc       0x10 X-CUBE-AI/App/network.o
 .data.__compound_literal.1
                0x000000002000090c       0x10 X-CUBE-AI/App/network.o
 .data.__compound_literal.2
                0x000000002000091c       0x10 X-CUBE-AI/App/network.o
 .data.__compound_literal.3
                0x000000002000092c       0x10 X-CUBE-AI/App/network.o
 .data.__compound_literal.4
                0x000000002000093c       0x10 X-CUBE-AI/App/network.o
 .data.__compound_literal.5
                0x000000002000094c       0x10 X-CUBE-AI/App/network.o
 .data.__compound_literal.6
                0x000000002000095c       0x10 X-CUBE-AI/App/network.o
 .data.__compound_literal.7
                0x000000002000096c       0x10 X-CUBE-AI/App/network.o
 .data.__compound_literal.8
                0x000000002000097c       0x10 X-CUBE-AI/App/network.o
 .data.__compound_literal.9
                0x000000002000098c       0x10 X-CUBE-AI/App/network.o
 .data.__compound_literal.10
                0x000000002000099c       0x10 X-CUBE-AI/App/network.o
 .data.__compound_literal.11
                0x00000000200009ac       0x10 X-CUBE-AI/App/network.o
 .data.__compound_literal.12
                0x00000000200009bc       0x10 X-CUBE-AI/App/network.o
 .data.__compound_literal.13
                0x00000000200009cc       0x10 X-CUBE-AI/App/network.o
 .data.__compound_literal.14
                0x00000000200009dc       0x10 X-CUBE-AI/App/network.o
 .data.__compound_literal.15
                0x00000000200009ec       0x10 X-CUBE-AI/App/network.o
 .data.__compound_literal.16
                0x00000000200009fc       0x10 X-CUBE-AI/App/network.o
 .data.__compound_literal.17
                0x0000000020000a0c       0x10 X-CUBE-AI/App/network.o
 .data.__compound_literal.18
                0x0000000020000a1c       0x10 X-CUBE-AI/App/network.o
 .data.__compound_literal.19
                0x0000000020000a2c       0x10 X-CUBE-AI/App/network.o
 .data.__compound_literal.20