core_cm7.h:2229:22:SCB_EnableICache	4	static,ignoring_inline_asm
core_cm7.h:2281:22:SCB_EnableDCache	24	static,ignoring_inline_asm
main.c:174:5:main	8	static
main.c:243:6:SystemClock_Config	88	static
main.c:294:13:MX_ADC3_Init	24	static
main.c:344:13:MX_CRC_Init	8	static
main.c:375:13:MX_TIM2_Init	56	static
main.c:431:13:MX_DMA_Init	16	static
main.c:449:13:MX_GPIO_Init	56	static
main.c:511:6:Sort_ADC_buffer	16	static
main.c:520:6:Mel_array	16	static
main.c:535:6:Find_max_output_ind	24	static
main.c:559:6:Wakeup	8	static
main.c:752:13:PowerTodB	24	static
main.c:779:6:buzzer_beep	8	static
main.c:788:6:buzzer_beep2	8	static
main.c:800:6:delay_us	16	static
main.c:807:6:mark	32	static
main.c:828:6:space	16	static
main.c:836:6:sendRaw	24	static
main.c:850:9:receive_data	16	static
main.c:878:13:Preprocessing_Init	8	static
main.c:909:6:Error_Handler	4	static
